
> vite_react_shadcn_ts@0.0.0 build
> vite build

NODE_ENV=production is not supported in the .env file. Only NODE_ENV=development is supported to create a development build of your project. If you need to set process.env.NODE_ENV, you can set it in the Vite config instead.
[36mvite v5.4.21 [32mbuilding for production...[36m[39m
transforming...
[32m✓[39m 5068 modules transformed.
rendering chunks...
[1m[33m[plugin:vite:reporter][39m[22m [33m[plugin vite:reporter] 
(!) D:/worksites/canvastack/projects/canvastencil/frontend/src/components/ui/button.tsx is dynamically imported by D:/worksites/canvastack/projects/canvastencil/frontend/src/components/ui/lazy-components.tsx but also statically imported by D:/worksites/canvastack/projects/canvastencil/frontend/src/components/ContextSwitcher.tsx, D:/worksites/canvastack/projects/canvastencil/frontend/src/components/ErrorBoundary.tsx, D:/worksites/canvastack/projects/canvastencil/frontend/src/components/Footer.tsx, D:/worksites/canvastack/projects/canvastencil/frontend/src/components/Header.tsx, D:/worksites/canvastack/projects/canvastencil/frontend/src/components/ScrollToTop.tsx, D:/worksites/canvastack/projects/canvastencil/frontend/src/components/ThemeSwitcher.tsx, D:/worksites/canvastack/projects/canvastencil/frontend/src/components/admin/ActivityLogViewer.tsx, D:/worksites/canvastack/projects/canvastencil/frontend/src/components/admin/BulkEditDialog.tsx, D:/worksites/canvastack/projects/canvastencil/frontend/src/components/admin/CodeEditor.tsx, D:/worksites/canvastack/projects/canvastencil/frontend/src/components/admin/ColumnCustomization.tsx, D:/worksites/canvastack/projects/canvastencil/frontend/src/components/admin/LivePreview.tsx, D:/worksites/canvastack/projects/canvastencil/frontend/src/components/admin/MapPicker.tsx, D:/worksites/canvastack/projects/canvastencil/frontend/src/components/admin/Product3DForm.tsx, D:/worksites/canvastack/projects/canvastencil/frontend/src/components/admin/SearchReplace.tsx, D:/worksites/canvastack/projects/canvastencil/frontend/src/components/admin/ThemeCodeEditor.tsx, D:/worksites/canvastack/projects/canvastencil/frontend/src/components/admin/ThemeCustomizer.tsx, D:/worksites/canvastack/projects/canvastencil/frontend/src/components/admin/ThemeExporter.tsx, D:/worksites/canvastack/projects/canvastencil/frontend/src/components/admin/ThemeFileManager.tsx, D:/worksites/canvastack/projects/canvastencil/frontend/src/components/admin/ThemeUploader.tsx, D:/worksites/canvastack/projects/canvastencil/frontend/src/components/admin/VersionHistory.tsx, D:/worksites/canvastack/projects/canvastencil/frontend/src/components/admin/products/ProductExportDialog.tsx, D:/worksites/canvastack/projects/canvastencil/frontend/src/components/admin/products/ProductImportDialog.tsx, D:/worksites/canvastack/projects/canvastencil/frontend/src/components/admin/products/ProductQuickViewDialog.tsx, D:/worksites/canvastack/projects/canvastencil/frontend/src/components/admin/products/ProductTableCells.tsx, D:/worksites/canvastack/projects/canvastencil/frontend/src/components/debug/DevDebugger.tsx, D:/worksites/canvastack/projects/canvastencil/frontend/src/components/orders/OrderStatusTransition.tsx, D:/worksites/canvastack/projects/canvastencil/frontend/src/components/orders/PaymentProcessing.tsx, D:/worksites/canvastack/projects/canvastencil/frontend/src/components/orders/VendorSourcing.tsx, D:/worksites/canvastack/projects/canvastencil/frontend/src/components/platform/PlatformHeader.tsx, D:/worksites/canvastack/projects/canvastencil/frontend/src/components/platform/PlatformSidebar.tsx, D:/worksites/canvastack/projects/canvastencil/frontend/src/components/products/ComparisonBar.tsx, D:/worksites/canvastack/projects/canvastencil/frontend/src/components/products/ComparisonModal.tsx, D:/worksites/canvastack/projects/canvastencil/frontend/src/components/products/ComparisonNotesPanel.tsx, D:/worksites/canvastack/projects/canvastencil/frontend/src/components/products/ComparisonTable.tsx, D:/worksites/canvastack/projects/canvastencil/frontend/src/components/products/PlatformProductsView.tsx, D:/worksites/canvastack/projects/canvastencil/frontend/src/components/products/ProductQuickView.tsx, D:/worksites/canvastack/projects/canvastencil/frontend/src/components/products/SavedComparisonsDialog.tsx, D:/worksites/canvastack/projects/canvastencil/frontend/src/components/products/ShareComparisonDialog.tsx, D:/worksites/canvastack/projects/canvastencil/frontend/src/components/tenant/TenantHeader.tsx, D:/worksites/canvastack/projects/canvastencil/frontend/src/components/tenant/TenantSidebar.tsx, D:/worksites/canvastack/projects/canvastencil/frontend/src/components/tenant/invoices/InvoiceList.tsx, D:/worksites/canvastack/projects/canvastencil/frontend/src/components/tenant/payments/PaymentAuditTrail.tsx, D:/worksites/canvastack/projects/canvastencil/frontend/src/components/tenant/payments/PaymentForm.tsx, D:/worksites/canvastack/projects/canvastencil/frontend/src/components/tenant/payments/PaymentVerificationQueue.tsx, D:/worksites/canvastack/projects/canvastencil/frontend/src/components/tenant/quotes/QuoteForm.tsx, D:/worksites/canvastack/projects/canvastencil/frontend/src/components/tenant/quotes/QuoteList.tsx, D:/worksites/canvastack/projects/canvastencil/frontend/src/components/ui/alert-dialog.tsx, D:/worksites/canvastack/projects/canvastencil/frontend/src/components/ui/bulk-data-table.tsx, D:/worksites/canvastack/projects/canvastencil/frontend/src/components/ui/calendar.tsx, D:/worksites/canvastack/projects/canvastencil/frontend/src/components/ui/carousel.tsx, D:/worksites/canvastack/projects/canvastencil/frontend/src/components/ui/color-picker.tsx, D:/worksites/canvastack/projects/canvastencil/frontend/src/components/ui/data-table.tsx, D:/worksites/canvastack/projects/canvastencil/frontend/src/components/ui/empty-state.tsx, D:/worksites/canvastack/projects/canvastencil/frontend/src/components/ui/modal.tsx, D:/worksites/canvastack/projects/canvastencil/frontend/src/components/ui/notification-toast.tsx, D:/worksites/canvastack/projects/canvastencil/frontend/src/components/ui/pagination.tsx, D:/worksites/canvastack/projects/canvastencil/frontend/src/components/ui/wysiwyg-editor.tsx, D:/worksites/canvastack/projects/canvastencil/frontend/src/components/vendor/VendorForm.tsx, D:/worksites/canvastack/projects/canvastencil/frontend/src/features/admin/pages/ProductPageContent.tsx, D:/worksites/canvastack/projects/canvastencil/frontend/src/features/admin/pages/ProductSettings.tsx, D:/worksites/canvastack/projects/canvastencil/frontend/src/pages/AnnouncementsPage.tsx, D:/worksites/canvastack/projects/canvastencil/frontend/src/pages/ForgotPassword.tsx, D:/worksites/canvastack/projects/canvastencil/frontend/src/pages/Login.tsx, D:/worksites/canvastack/projects/canvastencil/frontend/src/pages/Register.tsx, D:/worksites/canvastack/projects/canvastencil/frontend/src/pages/ResetPassword.tsx, D:/worksites/canvastack/projects/canvastencil/frontend/src/pages/StatusPage.tsx, D:/worksites/canvastack/projects/canvastencil/frontend/src/pages/VerifyEmail.tsx, D:/worksites/canvastack/projects/canvastencil/frontend/src/pages/admin/ActivityLog.tsx, D:/worksites/canvastack/projects/canvastencil/frontend/src/pages/admin/BulkOrders.tsx, D:/worksites/canvastack/projects/canvastencil/frontend/src/pages/admin/CustomerDetail.tsx, D:/worksites/canvastack/projects/canvastencil/frontend/src/pages/admin/FinancialReport.tsx, D:/worksites/canvastack/projects/canvastencil/frontend/src/pages/admin/LanguageSettings.tsx, D:/worksites/canvastack/projects/canvastencil/frontend/src/pages/admin/MediaLibrary.tsx, D:/worksites/canvastack/projects/canvastencil/frontend/src/pages/admin/OrderAnalytics.tsx, D:/worksites/canvastack/projects/canvastencil/frontend/src/pages/admin/OrderTracking.tsx, D:/worksites/canvastack/projects/canvastencil/frontend/src/pages/admin/PageAbout.tsx, D:/worksites/canvastack/projects/canvastencil/frontend/src/pages/admin/PageContact.tsx, D:/worksites/canvastack/projects/canvastencil/frontend/src/pages/admin/PageFAQ.tsx, D:/worksites/canvastack/projects/canvastencil/frontend/src/pages/admin/PageHome.tsx, D:/worksites/canvastack/projects/canvastencil/frontend/src/pages/admin/PageProducts.tsx, D:/worksites/canvastack/projects/canvastencil/frontend/src/pages/admin/PerformanceMonitoring.tsx, D:/worksites/canvastack/projects/canvastencil/frontend/src/pages/admin/ProductCategories.tsx, D:/worksites/canvastack/projects/canvastencil/frontend/src/pages/admin/ProductDetail.tsx, D:/worksites/canvastack/projects/canvastencil/frontend/src/pages/admin/ProductEditor.tsx, D:/worksites/canvastack/projects/canvastencil/frontend/src/pages/admin/ProductList.tsx, D:/worksites/canvastack/projects/canvastencil/frontend/src/pages/admin/RoleManagement.tsx, D:/worksites/canvastack/projects/canvastencil/frontend/src/pages/admin/Settings.tsx, D:/worksites/canvastack/projects/canvastencil/frontend/src/pages/admin/ThemeAdvancedEditor.tsx, D:/worksites/canvastack/projects/canvastencil/frontend/src/pages/admin/ThemeCodeEditor.tsx, D:/worksites/canvastack/projects/canvastencil/frontend/src/pages/admin/ThemeDashboard.tsx, D:/worksites/canvastack/projects/canvastencil/frontend/src/pages/admin/ThemeExport.tsx, D:/worksites/canvastack/projects/canvastencil/frontend/src/pages/admin/ThemeFiles.tsx, D:/worksites/canvastack/projects/canvastencil/frontend/src/pages/admin/ThemeMarketplace.tsx, D:/worksites/canvastack/projects/canvastencil/frontend/src/pages/admin/ThemePackaging.tsx, D:/worksites/canvastack/projects/canvastencil/frontend/src/pages/admin/ThemeSettings.tsx, D:/worksites/canvastack/projects/canvastencil/frontend/src/pages/admin/ThemeUpload.tsx, D:/worksites/canvastack/projects/canvastencil/frontend/src/pages/admin/UserManagement.tsx, D:/worksites/canvastack/projects/canvastencil/frontend/src/pages/admin/UserProfile.tsx, D:/worksites/canvastack/projects/canvastencil/frontend/src/pages/admin/VendorCommunications.tsx, D:/worksites/canvastack/projects/canvastencil/frontend/src/pages/admin/VendorContracts.tsx, D:/worksites/canvastack/projects/canvastencil/frontend/src/pages/admin/VendorDetail.tsx, D:/worksites/canvastack/projects/canvastencil/frontend/src/pages/admin/VendorPerformance.tsx, D:/worksites/canvastack/projects/canvastencil/frontend/src/pages/admin/customers/CustomerCredit.tsx, D:/worksites/canvastack/projects/canvastencil/frontend/src/pages/admin/customers/CustomerDatabase.tsx, D:/worksites/canvastack/projects/canvastencil/frontend/src/pages/admin/customers/CustomerPortal.tsx, D:/worksites/canvastack/projects/canvastencil/frontend/src/pages/admin/customers/CustomerSegments.tsx, D:/worksites/canvastack/projects/canvastencil/frontend/src/pages/admin/inventory/InventoryAlerts.tsx, D:/worksites/canvastack/projects/canvastencil/frontend/src/pages/admin/inventory/InventoryLocations.tsx, D:/worksites/canvastack/projects/canvastencil/frontend/src/pages/admin/inventory/InventoryReports.tsx, D:/worksites/canvastack/projects/canvastencil/frontend/src/pages/admin/inventory/InventoryStock.tsx, D:/worksites/canvastack/projects/canvastencil/frontend/src/pages/admin/products/ProductAnalytics.tsx, D:/worksites/canvastack/projects/canvastencil/frontend/src/pages/admin/products/ProductBulk.tsx, D:/worksites/canvastack/projects/canvastencil/frontend/src/pages/admin/products/ProductCatalog.tsx, D:/worksites/canvastack/projects/canvastencil/frontend/src/pages/admin/shipping/ShippingCarriers.tsx, D:/worksites/canvastack/projects/canvastencil/frontend/src/pages/admin/shipping/ShippingMethods.tsx, D:/worksites/canvastack/projects/canvastencil/frontend/src/pages/admin/shipping/ShippingReports.tsx, D:/worksites/canvastack/projects/canvastencil/frontend/src/pages/admin/shipping/ShippingTracking.tsx, D:/worksites/canvastack/projects/canvastencil/frontend/src/pages/admin/system/FeatureFlagsManagement.tsx, D:/worksites/canvastack/projects/canvastencil/frontend/src/pages/admin/vendors/VendorDatabase.tsx, D:/worksites/canvastack/projects/canvastencil/frontend/src/pages/admin/vendors/VendorPayments.tsx, D:/worksites/canvastack/projects/canvastencil/frontend/src/pages/admin/vendors/VendorPerformance.tsx, D:/worksites/canvastack/projects/canvastencil/frontend/src/pages/admin/vendors/VendorSourcing.tsx, D:/worksites/canvastack/projects/canvastencil/frontend/src/pages/platform/ContentManagement.tsx, D:/worksites/canvastack/projects/canvastencil/frontend/src/pages/platform/LicenseManagement.tsx, D:/worksites/canvastack/projects/canvastencil/frontend/src/pages/platform/PlatformAnalytics.tsx, D:/worksites/canvastack/projects/canvastencil/frontend/src/pages/platform/PlatformLogin.tsx, D:/worksites/canvastack/projects/canvastencil/frontend/src/pages/platform/TenantManagement.tsx, D:/worksites/canvastack/projects/canvastencil/frontend/src/pages/platform/content/PageAbout.tsx, D:/worksites/canvastack/projects/canvastencil/frontend/src/pages/platform/content/PageContact.tsx, D:/worksites/canvastack/projects/canvastencil/frontend/src/pages/platform/content/PageFAQ.tsx, D:/worksites/canvastack/projects/canvastencil/frontend/src/pages/platform/content/PageHome.tsx, D:/worksites/canvastack/projects/canvastencil/frontend/src/pages/tenant/InvoiceManagement.tsx, D:/worksites/canvastack/projects/canvastencil/frontend/src/pages/tenant/PaymentManagement.tsx, D:/worksites/canvastack/projects/canvastencil/frontend/src/pages/tenant/ProductComparison.tsx, D:/worksites/canvastack/projects/canvastencil/frontend/src/pages/tenant/ProductionManagement.tsx, D:/worksites/canvastack/projects/canvastencil/frontend/src/pages/tenant/QualityManagement.tsx, D:/worksites/canvastack/projects/canvastencil/frontend/src/pages/tenant/QuoteManagement.tsx, D:/worksites/canvastack/projects/canvastencil/frontend/src/pages/tenant/ShippingManagement.tsx, D:/worksites/canvastack/projects/canvastencil/frontend/src/pages/tenant/TenantLogin.tsx, D:/worksites/canvastack/projects/canvastencil/frontend/src/themes/default/components/CTASection.tsx, D:/worksites/canvastack/projects/canvastencil/frontend/src/themes/default/components/Footer.tsx, D:/worksites/canvastack/projects/canvastencil/frontend/src/themes/default/components/Header.tsx, D:/worksites/canvastack/projects/canvastencil/frontend/src/themes/default/components/HeroCarousel.tsx, D:/worksites/canvastack/projects/canvastencil/frontend/src/themes/default/components/ScrollToTop.tsx, D:/worksites/canvastack/projects/canvastencil/frontend/src/themes/default/pages/About.tsx, D:/worksites/canvastack/projects/canvastencil/frontend/src/themes/default/pages/Cart.tsx, D:/worksites/canvastack/projects/canvastencil/frontend/src/themes/default/pages/Contact.tsx, D:/worksites/canvastack/projects/canvastencil/frontend/src/themes/default/pages/FAQ.tsx, D:/worksites/canvastack/projects/canvastencil/frontend/src/themes/default/pages/Home.tsx, D:/worksites/canvastack/projects/canvastencil/frontend/src/themes/default/pages/ProductComparison.tsx, D:/worksites/canvastack/projects/canvastencil/frontend/src/themes/default/pages/ProductDetail.tsx, D:/worksites/canvastack/projects/canvastencil/frontend/src/themes/default/pages/Products.tsx, dynamic import will not move module into another chunk.
[39m
[1m[33m[plugin:vite:reporter][39m[22m [33m[plugin vite:reporter] 
(!) D:/worksites/canvastack/projects/canvastencil/frontend/src/components/ui/dropdown-menu.tsx is dynamically imported by D:/worksites/canvastack/projects/canvastencil/frontend/src/components/ui/lazy-components.tsx, D:/worksites/canvastack/projects/canvastencil/frontend/src/components/ui/lazy-components.tsx, D:/worksites/canvastack/projects/canvastencil/frontend/src/components/ui/lazy-components.tsx, D:/worksites/canvastack/projects/canvastencil/frontend/src/components/ui/lazy-components.tsx, D:/worksites/canvastack/projects/canvastencil/frontend/src/components/ui/lazy-components.tsx, D:/worksites/canvastack/projects/canvastencil/frontend/src/components/ui/lazy-components.tsx, D:/worksites/canvastack/projects/canvastencil/frontend/src/components/ui/lazy-components.tsx, D:/worksites/canvastack/projects/canvastencil/frontend/src/components/ui/lazy-components.tsx, D:/worksites/canvastack/projects/canvastencil/frontend/src/components/ui/lazy-components.tsx, D:/worksites/canvastack/projects/canvastencil/frontend/src/components/ui/lazy-components.tsx, D:/worksites/canvastack/projects/canvastencil/frontend/src/components/ui/lazy-components.tsx, D:/worksites/canvastack/projects/canvastencil/frontend/src/components/ui/lazy-components.tsx, D:/worksites/canvastack/projects/canvastencil/frontend/src/components/ui/lazy-components.tsx, D:/worksites/canvastack/projects/canvastencil/frontend/src/components/ui/lazy-components.tsx, D:/worksites/canvastack/projects/canvastencil/frontend/src/components/ui/lazy-components.tsx but also statically imported by D:/worksites/canvastack/projects/canvastencil/frontend/src/components/ContextSwitcher.tsx, D:/worksites/canvastack/projects/canvastencil/frontend/src/components/admin/products/ProductTableCells.tsx, D:/worksites/canvastack/projects/canvastencil/frontend/src/components/tenant/TenantHeader.tsx, D:/worksites/canvastack/projects/canvastencil/frontend/src/components/tenant/invoices/InvoiceList.tsx, D:/worksites/canvastack/projects/canvastencil/frontend/src/components/tenant/payments/PaymentAuditTrail.tsx, D:/worksites/canvastack/projects/canvastencil/frontend/src/components/tenant/payments/PaymentVerificationQueue.tsx, D:/worksites/canvastack/projects/canvastencil/frontend/src/components/tenant/quotes/QuoteList.tsx, D:/worksites/canvastack/projects/canvastencil/frontend/src/components/ui/bulk-data-table.tsx, D:/worksites/canvastack/projects/canvastencil/frontend/src/components/ui/data-table.tsx, D:/worksites/canvastack/projects/canvastencil/frontend/src/components/ui/wysiwyg-editor.tsx, D:/worksites/canvastack/projects/canvastencil/frontend/src/pages/admin/MediaLibrary.tsx, D:/worksites/canvastack/projects/canvastencil/frontend/src/pages/admin/ProductCategories.tsx, D:/worksites/canvastack/projects/canvastencil/frontend/src/pages/admin/ProductList.tsx, D:/worksites/canvastack/projects/canvastencil/frontend/src/pages/admin/RoleManagement.tsx, D:/worksites/canvastack/projects/canvastencil/frontend/src/pages/admin/UserManagement.tsx, D:/worksites/canvastack/projects/canvastencil/frontend/src/pages/admin/customers/CustomerCredit.tsx, D:/worksites/canvastack/projects/canvastencil/frontend/src/pages/admin/customers/CustomerDatabase.tsx, D:/worksites/canvastack/projects/canvastencil/frontend/src/pages/admin/customers/CustomerPortal.tsx, D:/worksites/canvastack/projects/canvastencil/frontend/src/pages/admin/customers/CustomerSegments.tsx, D:/worksites/canvastack/projects/canvastencil/frontend/src/pages/admin/inventory/InventoryAlerts.tsx, D:/worksites/canvastack/projects/canvastencil/frontend/src/pages/admin/inventory/InventoryLocations.tsx, D:/worksites/canvastack/projects/canvastencil/frontend/src/pages/admin/inventory/InventoryStock.tsx, D:/worksites/canvastack/projects/canvastencil/frontend/src/pages/admin/products/ProductCatalog.tsx, D:/worksites/canvastack/projects/canvastencil/frontend/src/pages/admin/shipping/ShippingCarriers.tsx, D:/worksites/canvastack/projects/canvastencil/frontend/src/pages/admin/shipping/ShippingMethods.tsx, D:/worksites/canvastack/projects/canvastencil/frontend/src/pages/admin/shipping/ShippingTracking.tsx, D:/worksites/canvastack/projects/canvastencil/frontend/src/pages/admin/vendors/VendorDatabase.tsx, D:/worksites/canvastack/projects/canvastencil/frontend/src/pages/admin/vendors/VendorPayments.tsx, D:/worksites/canvastack/projects/canvastencil/frontend/src/pages/platform/ContentManagement.tsx, D:/worksites/canvastack/projects/canvastencil/frontend/src/pages/platform/LicenseManagement.tsx, D:/worksites/canvastack/projects/canvastencil/frontend/src/pages/platform/PlatformAnalytics.tsx, D:/worksites/canvastack/projects/canvastencil/frontend/src/pages/platform/TenantManagement.tsx, D:/worksites/canvastack/projects/canvastencil/frontend/src/pages/tenant/PaymentManagement.tsx, D:/worksites/canvastack/projects/canvastencil/frontend/src/pages/tenant/ProductComparison.tsx, D:/worksites/canvastack/projects/canvastencil/frontend/src/pages/tenant/ProductionManagement.tsx, D:/worksites/canvastack/projects/canvastencil/frontend/src/pages/tenant/QualityManagement.tsx, D:/worksites/canvastack/projects/canvastencil/frontend/src/pages/tenant/ShippingManagement.tsx, dynamic import will not move module into another chunk.
[39m
[1m[33m[plugin:vite:reporter][39m[22m [33m[plugin vite:reporter] 
(!) D:/worksites/canvastack/projects/canvastencil/frontend/src/components/ui/badge.tsx is dynamically imported by D:/worksites/canvastack/projects/canvastencil/frontend/src/components/ui/lazy-components.tsx but also statically imported by D:/worksites/canvastack/projects/canvastencil/frontend/src/components/ContextSwitcher.tsx, D:/worksites/canvastack/projects/canvastencil/frontend/src/components/ThemeSwitcher.tsx, D:/worksites/canvastack/projects/canvastencil/frontend/src/components/admin/ActivityLogViewer.tsx, D:/worksites/canvastack/projects/canvastencil/frontend/src/components/admin/CodeEditor.tsx, D:/worksites/canvastack/projects/canvastencil/frontend/src/components/admin/LivePreview.tsx, D:/worksites/canvastack/projects/canvastencil/frontend/src/components/admin/ProductAnalyticsDashboard.tsx, D:/worksites/canvastack/projects/canvastencil/frontend/src/components/admin/SearchReplace.tsx, D:/worksites/canvastack/projects/canvastencil/frontend/src/components/admin/ThemeCodeEditor.tsx, D:/worksites/canvastack/projects/canvastencil/frontend/src/components/admin/ThemeCustomizer.tsx, D:/worksites/canvastack/projects/canvastencil/frontend/src/components/admin/ThemeFileManager.tsx, D:/worksites/canvastack/projects/canvastencil/frontend/src/components/admin/ThemeUploader.tsx, D:/worksites/canvastack/projects/canvastencil/frontend/src/components/admin/VersionHistory.tsx, D:/worksites/canvastack/projects/canvastencil/frontend/src/components/admin/products/ProductExportDialog.tsx, D:/worksites/canvastack/projects/canvastencil/frontend/src/components/admin/products/ProductQuickViewDialog.tsx, D:/worksites/canvastack/projects/canvastencil/frontend/src/components/admin/products/ProductTableCells.tsx, D:/worksites/canvastack/projects/canvastencil/frontend/src/components/orders/OrderStatusTransition.tsx, D:/worksites/canvastack/projects/canvastencil/frontend/src/components/orders/VendorSourcing.tsx, D:/worksites/canvastack/projects/canvastencil/frontend/src/components/products/ComparisonBar.tsx, D:/worksites/canvastack/projects/canvastencil/frontend/src/components/products/ComparisonModal.tsx, D:/worksites/canvastack/projects/canvastencil/frontend/src/components/products/ComparisonNotesPanel.tsx, D:/worksites/canvastack/projects/canvastencil/frontend/src/components/products/ComparisonTable.tsx, D:/worksites/canvastack/projects/canvastencil/frontend/src/components/products/PlatformProductsView.tsx, D:/worksites/canvastack/projects/canvastencil/frontend/src/components/products/ProductQuickView.tsx, D:/worksites/canvastack/projects/canvastencil/frontend/src/components/products/SavedComparisonsDialog.tsx, D:/worksites/canvastack/projects/canvastencil/frontend/src/components/products/ShareComparisonDialog.tsx, D:/worksites/canvastack/projects/canvastencil/frontend/src/components/tenant/invoices/InvoiceList.tsx, D:/worksites/canvastack/projects/canvastencil/frontend/src/components/tenant/payments/PaymentAuditTrail.tsx, D:/worksites/canvastack/projects/canvastencil/frontend/src/components/tenant/payments/PaymentForm.tsx, D:/worksites/canvastack/projects/canvastencil/frontend/src/components/tenant/payments/PaymentVerificationQueue.tsx, D:/worksites/canvastack/projects/canvastencil/frontend/src/components/tenant/quotes/QuoteList.tsx, D:/worksites/canvastack/projects/canvastencil/frontend/src/components/ui/notification-toast.tsx, D:/worksites/canvastack/projects/canvastencil/frontend/src/components/vendor/VendorComparison.tsx, D:/worksites/canvastack/projects/canvastencil/frontend/src/components/vendor/VendorFormDialog.tsx, D:/worksites/canvastack/projects/canvastencil/frontend/src/config/products/productTableColumns.tsx, D:/worksites/canvastack/projects/canvastencil/frontend/src/pages/AnnouncementsPage.tsx, D:/worksites/canvastack/projects/canvastencil/frontend/src/pages/StatusPage.tsx, D:/worksites/canvastack/projects/canvastencil/frontend/src/pages/admin/ActivityLog.tsx, D:/worksites/canvastack/projects/canvastencil/frontend/src/pages/admin/BulkOrders.tsx, D:/worksites/canvastack/projects/canvastencil/frontend/src/pages/admin/CustomerDetail.tsx, D:/worksites/canvastack/projects/canvastencil/frontend/src/pages/admin/Documentation.tsx, D:/worksites/canvastack/projects/canvastencil/frontend/src/pages/admin/LanguageSettings.tsx, D:/worksites/canvastack/projects/canvastencil/frontend/src/pages/admin/MediaLibrary.tsx, D:/worksites/canvastack/projects/canvastencil/frontend/src/pages/admin/OrderAnalytics.tsx, D:/worksites/canvastack/projects/canvastencil/frontend/src/pages/admin/OrderTracking.tsx, D:/worksites/canvastack/projects/canvastencil/frontend/src/pages/admin/PerformanceMonitoring.tsx, D:/worksites/canvastack/projects/canvastencil/frontend/src/pages/admin/ProductCategories.tsx, D:/worksites/canvastack/projects/canvastencil/frontend/src/pages/admin/ProductDetail.tsx, D:/worksites/canvastack/projects/canvastencil/frontend/src/pages/admin/ProductEditor.tsx, D:/worksites/canvastack/projects/canvastencil/frontend/src/pages/admin/ProductList.tsx, D:/worksites/canvastack/projects/canvastencil/frontend/src/pages/admin/RoleManagement.tsx, D:/worksites/canvastack/projects/canvastencil/frontend/src/pages/admin/Settings.tsx, D:/worksites/canvastack/projects/canvastencil/frontend/src/pages/admin/ThemeAdvancedEditor.tsx, D:/worksites/canvastack/projects/canvastencil/frontend/src/pages/admin/ThemeCodeEditor.tsx, D:/worksites/canvastack/projects/canvastencil/frontend/src/pages/admin/ThemeDashboard.tsx, D:/worksites/canvastack/projects/canvastencil/frontend/src/pages/admin/ThemeMarketplace.tsx, D:/worksites/canvastack/projects/canvastencil/frontend/src/pages/admin/ThemePackaging.tsx, D:/worksites/canvastack/projects/canvastencil/frontend/src/pages/admin/ThemeSettings.tsx, D:/worksites/canvastack/projects/canvastencil/frontend/src/pages/admin/UserManagement.tsx, D:/worksites/canvastack/projects/canvastencil/frontend/src/pages/admin/VendorCommunications.tsx, D:/worksites/canvastack/projects/canvastencil/frontend/src/pages/admin/VendorContracts.tsx, D:/worksites/canvastack/projects/canvastencil/frontend/src/pages/admin/VendorDetail.tsx, D:/worksites/canvastack/projects/canvastencil/frontend/src/pages/admin/VendorPerformance.tsx, D:/worksites/canvastack/projects/canvastencil/frontend/src/pages/admin/customers/CustomerCredit.tsx, D:/worksites/canvastack/projects/canvastencil/frontend/src/pages/admin/customers/CustomerDatabase.tsx, D:/worksites/canvastack/projects/canvastencil/frontend/src/pages/admin/customers/CustomerPortal.tsx, D:/worksites/canvastack/projects/canvastencil/frontend/src/pages/admin/customers/CustomerSegments.tsx, D:/worksites/canvastack/projects/canvastencil/frontend/src/pages/admin/inventory/InventoryAlerts.tsx, D:/worksites/canvastack/projects/canvastencil/frontend/src/pages/admin/inventory/InventoryLocations.tsx, D:/worksites/canvastack/projects/canvastencil/frontend/src/pages/admin/inventory/InventoryReports.tsx, D:/worksites/canvastack/projects/canvastencil/frontend/src/pages/admin/inventory/InventoryStock.tsx, D:/worksites/canvastack/projects/canvastencil/frontend/src/pages/admin/products/ProductAnalytics.tsx, D:/worksites/canvastack/projects/canvastencil/frontend/src/pages/admin/products/ProductBulk.tsx, D:/worksites/canvastack/projects/canvastencil/frontend/src/pages/admin/products/ProductCatalog.tsx, D:/worksites/canvastack/projects/canvastencil/frontend/src/pages/admin/shipping/ShippingCarriers.tsx, D:/worksites/canvastack/projects/canvastencil/frontend/src/pages/admin/shipping/ShippingMethods.tsx, D:/worksites/canvastack/projects/canvastencil/frontend/src/pages/admin/shipping/ShippingReports.tsx, D:/worksites/canvastack/projects/canvastencil/frontend/src/pages/admin/shipping/ShippingTracking.tsx, D:/worksites/canvastack/projects/canvastencil/frontend/src/pages/admin/system/FeatureFlagsManagement.tsx, D:/worksites/canvastack/projects/canvastencil/frontend/src/pages/admin/vendors/VendorDatabase.tsx, D:/worksites/canvastack/projects/canvastencil/frontend/src/pages/admin/vendors/VendorPayments.tsx, D:/worksites/canvastack/projects/canvastencil/frontend/src/pages/admin/vendors/VendorPerformance.tsx, D:/worksites/canvastack/projects/canvastencil/frontend/src/pages/admin/vendors/VendorSourcing.tsx, D:/worksites/canvastack/projects/canvastencil/frontend/src/pages/platform/ContentManagement.tsx, D:/worksites/canvastack/projects/canvastencil/frontend/src/pages/platform/LicenseManagement.tsx, D:/worksites/canvastack/projects/canvastencil/frontend/src/pages/platform/PlatformAnalytics.tsx, D:/worksites/canvastack/projects/canvastencil/frontend/src/pages/platform/PlatformDashboard.tsx, D:/worksites/canvastack/projects/canvastencil/frontend/src/pages/platform/TenantManagement.tsx, D:/worksites/canvastack/projects/canvastencil/frontend/src/pages/tenant/InvoiceManagement.tsx, D:/worksites/canvastack/projects/canvastencil/frontend/src/pages/tenant/PaymentManagement.tsx, D:/worksites/canvastack/projects/canvastencil/frontend/src/pages/tenant/ProductionManagement.tsx, D:/worksites/canvastack/projects/canvastencil/frontend/src/pages/tenant/QualityManagement.tsx, D:/worksites/canvastack/projects/canvastencil/frontend/src/pages/tenant/QuoteManagement.tsx, D:/worksites/canvastack/projects/canvastencil/frontend/src/pages/tenant/ShippingManagement.tsx, D:/worksites/canvastack/projects/canvastencil/frontend/src/themes/default/pages/Cart.tsx, D:/worksites/canvastack/projects/canvastencil/frontend/src/themes/default/pages/ProductComparison.tsx, D:/worksites/canvastack/projects/canvastencil/frontend/src/themes/default/pages/Products.tsx, dynamic import will not move module into another chunk.
[39m
[1m[33m[plugin:vite:reporter][39m[22m [33m[plugin vite:reporter] 
(!) D:/worksites/canvastack/projects/canvastencil/frontend/src/components/ui/input.tsx is dynamically imported by D:/worksites/canvastack/projects/canvastencil/frontend/src/components/ui/lazy-components.tsx but also statically imported by D:/worksites/canvastack/projects/canvastencil/frontend/src/components/Footer.tsx, D:/worksites/canvastack/projects/canvastencil/frontend/src/components/admin/ActivityLogViewer.tsx, D:/worksites/canvastack/projects/canvastencil/frontend/src/components/admin/BulkEditDialog.tsx, D:/worksites/canvastack/projects/canvastencil/frontend/src/components/admin/MapPicker.tsx, D:/worksites/canvastack/projects/canvastencil/frontend/src/components/admin/Product3DForm.tsx, D:/worksites/canvastack/projects/canvastencil/frontend/src/components/admin/SearchReplace.tsx, D:/worksites/canvastack/projects/canvastencil/frontend/src/components/admin/ThemeCodeEditor.tsx, D:/worksites/canvastack/projects/canvastencil/frontend/src/components/admin/ThemeCustomizer.tsx, D:/worksites/canvastack/projects/canvastencil/frontend/src/components/admin/ThemeExporter.tsx, D:/worksites/canvastack/projects/canvastencil/frontend/src/components/admin/ThemeFileManager.tsx, D:/worksites/canvastack/projects/canvastencil/frontend/src/components/admin/ThemeUploader.tsx, D:/worksites/canvastack/projects/canvastencil/frontend/src/components/orders/PaymentProcessing.tsx, D:/worksites/canvastack/projects/canvastencil/frontend/src/components/orders/VendorSourcing.tsx, D:/worksites/canvastack/projects/canvastencil/frontend/src/components/platform/PlatformHeader.tsx, D:/worksites/canvastack/projects/canvastencil/frontend/src/components/products/PlatformProductsView.tsx, D:/worksites/canvastack/projects/canvastencil/frontend/src/components/products/SavedComparisonsDialog.tsx, D:/worksites/canvastack/projects/canvastencil/frontend/src/components/products/ShareComparisonDialog.tsx, D:/worksites/canvastack/projects/canvastencil/frontend/src/components/tenant/TenantHeader.tsx, D:/worksites/canvastack/projects/canvastencil/frontend/src/components/tenant/invoices/InvoiceList.tsx, D:/worksites/canvastack/projects/canvastencil/frontend/src/components/tenant/payments/PaymentAuditTrail.tsx, D:/worksites/canvastack/projects/canvastencil/frontend/src/components/tenant/payments/PaymentForm.tsx, D:/worksites/canvastack/projects/canvastencil/frontend/src/components/tenant/payments/PaymentVerificationQueue.tsx, D:/worksites/canvastack/projects/canvastencil/frontend/src/components/tenant/quotes/QuoteForm.tsx, D:/worksites/canvastack/projects/canvastencil/frontend/src/components/tenant/quotes/QuoteList.tsx, D:/worksites/canvastack/projects/canvastencil/frontend/src/components/ui/bulk-data-table.tsx, D:/worksites/canvastack/projects/canvastencil/frontend/src/components/ui/color-picker.tsx, D:/worksites/canvastack/projects/canvastencil/frontend/src/components/ui/data-table.tsx, D:/worksites/canvastack/projects/canvastencil/frontend/src/components/ui/wysiwyg-editor.tsx, D:/worksites/canvastack/projects/canvastencil/frontend/src/components/vendor/VendorFormField.tsx, D:/worksites/canvastack/projects/canvastencil/frontend/src/features/admin/pages/ProductPageContent.tsx, D:/worksites/canvastack/projects/canvastencil/frontend/src/features/admin/pages/ProductSettings.tsx, D:/worksites/canvastack/projects/canvastencil/frontend/src/pages/ForgotPassword.tsx, D:/worksites/canvastack/projects/canvastencil/frontend/src/pages/Login.tsx, D:/worksites/canvastack/projects/canvastencil/frontend/src/pages/Register.tsx, D:/worksites/canvastack/projects/canvastencil/frontend/src/pages/ResetPassword.tsx, D:/worksites/canvastack/projects/canvastencil/frontend/src/pages/admin/BulkOrders.tsx, D:/worksites/canvastack/projects/canvastencil/frontend/src/pages/admin/FinancialReport.tsx, D:/worksites/canvastack/projects/canvastencil/frontend/src/pages/admin/LanguageSettings.tsx, D:/worksites/canvastack/projects/canvastencil/frontend/src/pages/admin/MediaLibrary.tsx, D:/worksites/canvastack/projects/canvastencil/frontend/src/pages/admin/OrderTracking.tsx, D:/worksites/canvastack/projects/canvastencil/frontend/src/pages/admin/PageAbout.tsx, D:/worksites/canvastack/projects/canvastencil/frontend/src/pages/admin/PageContact.tsx, D:/worksites/canvastack/projects/canvastencil/frontend/src/pages/admin/PageFAQ.tsx, D:/worksites/canvastack/projects/canvastencil/frontend/src/pages/admin/PageHome.tsx, D:/worksites/canvastack/projects/canvastencil/frontend/src/pages/admin/PageProducts.tsx, D:/worksites/canvastack/projects/canvastencil/frontend/src/pages/admin/ProductCategories.tsx, D:/worksites/canvastack/projects/canvastencil/frontend/src/pages/admin/ProductDetail.tsx, D:/worksites/canvastack/projects/canvastencil/frontend/src/pages/admin/ProductEditor.tsx, D:/worksites/canvastack/projects/canvastencil/frontend/src/pages/admin/ProductList.tsx, D:/worksites/canvastack/projects/canvastencil/frontend/src/pages/admin/RoleManagement.tsx, D:/worksites/canvastack/projects/canvastencil/frontend/src/pages/admin/Settings.tsx, D:/worksites/canvastack/projects/canvastencil/frontend/src/pages/admin/ThemeMarketplace.tsx, D:/worksites/canvastack/projects/canvastencil/frontend/src/pages/admin/ThemeSettings.tsx, D:/worksites/canvastack/projects/canvastencil/frontend/src/pages/admin/UserManagement.tsx, D:/worksites/canvastack/projects/canvastencil/frontend/src/pages/admin/UserProfile.tsx, D:/worksites/canvastack/projects/canvastencil/frontend/src/pages/admin/VendorCommunications.tsx, D:/worksites/canvastack/projects/canvastencil/frontend/src/pages/admin/VendorContracts.tsx, D:/worksites/canvastack/projects/canvastencil/frontend/src/pages/admin/customers/CustomerCredit.tsx, D:/worksites/canvastack/projects/canvastencil/frontend/src/pages/admin/customers/CustomerDatabase.tsx, D:/worksites/canvastack/projects/canvastencil/frontend/src/pages/admin/customers/CustomerPortal.tsx, D:/worksites/canvastack/projects/canvastencil/frontend/src/pages/admin/customers/CustomerSegments.tsx, D:/worksites/canvastack/projects/canvastencil/frontend/src/pages/admin/inventory/InventoryAlerts.tsx, D:/worksites/canvastack/projects/canvastencil/frontend/src/pages/admin/inventory/InventoryLocations.tsx, D:/worksites/canvastack/projects/canvastencil/frontend/src/pages/admin/inventory/InventoryStock.tsx, D:/worksites/canvastack/projects/canvastencil/frontend/src/pages/admin/products/ProductCatalog.tsx, D:/worksites/canvastack/projects/canvastencil/frontend/src/pages/admin/shipping/ShippingCarriers.tsx, D:/worksites/canvastack/projects/canvastencil/frontend/src/pages/admin/shipping/ShippingMethods.tsx, D:/worksites/canvastack/projects/canvastencil/frontend/src/pages/admin/shipping/ShippingTracking.tsx, D:/worksites/canvastack/projects/canvastencil/frontend/src/pages/admin/system/FeatureFlagsManagement.tsx, D:/worksites/canvastack/projects/canvastencil/frontend/src/pages/admin/vendors/VendorDatabase.tsx, D:/worksites/canvastack/projects/canvastencil/frontend/src/pages/admin/vendors/VendorPayments.tsx, D:/worksites/canvastack/projects/canvastencil/frontend/src/pages/admin/vendors/VendorSourcing.tsx, D:/worksites/canvastack/projects/canvastencil/frontend/src/pages/platform/ContentManagement.tsx, D:/worksites/canvastack/projects/canvastencil/frontend/src/pages/platform/LicenseManagement.tsx, D:/worksites/canvastack/projects/canvastencil/frontend/src/pages/platform/PlatformLogin.tsx, D:/worksites/canvastack/projects/canvastencil/frontend/src/pages/platform/TenantManagement.tsx, D:/worksites/canvastack/projects/canvastencil/frontend/src/pages/platform/content/PageAbout.tsx, D:/worksites/canvastack/projects/canvastencil/frontend/src/pages/platform/content/PageContact.tsx, D:/worksites/canvastack/projects/canvastencil/frontend/src/pages/platform/content/PageFAQ.tsx, D:/worksites/canvastack/projects/canvastencil/frontend/src/pages/platform/content/PageHome.tsx, D:/worksites/canvastack/projects/canvastencil/frontend/src/pages/tenant/PaymentManagement.tsx, D:/worksites/canvastack/projects/canvastencil/frontend/src/pages/tenant/ProductionManagement.tsx, D:/worksites/canvastack/projects/canvastencil/frontend/src/pages/tenant/QualityManagement.tsx, D:/worksites/canvastack/projects/canvastencil/frontend/src/pages/tenant/ShippingManagement.tsx, D:/worksites/canvastack/projects/canvastencil/frontend/src/pages/tenant/TenantLogin.tsx, D:/worksites/canvastack/projects/canvastencil/frontend/src/themes/default/components/Footer.tsx, D:/worksites/canvastack/projects/canvastencil/frontend/src/themes/default/pages/Cart.tsx, D:/worksites/canvastack/projects/canvastencil/frontend/src/themes/default/pages/Contact.tsx, D:/worksites/canvastack/projects/canvastencil/frontend/src/themes/default/pages/ProductDetail.tsx, D:/worksites/canvastack/projects/canvastencil/frontend/src/themes/default/pages/Products.tsx, dynamic import will not move module into another chunk.
[39m
[1m[33m[plugin:vite:reporter][39m[22m [33m[plugin vite:reporter] 
(!) D:/worksites/canvastack/projects/canvastencil/frontend/src/components/ui/card.tsx is dynamically imported by D:/worksites/canvastack/projects/canvastencil/frontend/src/components/ui/lazy-components.tsx, D:/worksites/canvastack/projects/canvastencil/frontend/src/components/ui/lazy-components.tsx, D:/worksites/canvastack/projects/canvastencil/frontend/src/components/ui/lazy-components.tsx, D:/worksites/canvastack/projects/canvastencil/frontend/src/components/ui/lazy-components.tsx, D:/worksites/canvastack/projects/canvastencil/frontend/src/components/ui/lazy-components.tsx, D:/worksites/canvastack/projects/canvastencil/frontend/src/components/ui/lazy-components.tsx but also statically imported by D:/worksites/canvastack/projects/canvastencil/frontend/src/components/ErrorBoundary.tsx, D:/worksites/canvastack/projects/canvastencil/frontend/src/components/ThemeSwitcher.tsx, D:/worksites/canvastack/projects/canvastencil/frontend/src/components/admin/ActivityLogViewer.tsx, D:/worksites/canvastack/projects/canvastencil/frontend/src/components/admin/CodeEditor.tsx, D:/worksites/canvastack/projects/canvastencil/frontend/src/components/admin/LivePreview.tsx, D:/worksites/canvastack/projects/canvastencil/frontend/src/components/admin/MapPicker.tsx, D:/worksites/canvastack/projects/canvastencil/frontend/src/components/admin/Product3DForm.tsx, D:/worksites/canvastack/projects/canvastencil/frontend/src/components/admin/ProductAnalyticsDashboard.tsx, D:/worksites/canvastack/projects/canvastencil/frontend/src/components/admin/SearchReplace.tsx, D:/worksites/canvastack/projects/canvastencil/frontend/src/components/admin/StatCard.tsx, D:/worksites/canvastack/projects/canvastencil/frontend/src/components/admin/ThemeCodeEditor.tsx, D:/worksites/canvastack/projects/canvastencil/frontend/src/components/admin/ThemeCustomizer.tsx, D:/worksites/canvastack/projects/canvastencil/frontend/src/components/admin/ThemeExporter.tsx, D:/worksites/canvastack/projects/canvastencil/frontend/src/components/admin/ThemeFileManager.tsx, D:/worksites/canvastack/projects/canvastencil/frontend/src/components/admin/ThemeUploader.tsx, D:/worksites/canvastack/projects/canvastencil/frontend/src/components/admin/VersionHistory.tsx, D:/worksites/canvastack/projects/canvastencil/frontend/src/components/admin/products/ProductImportDialog.tsx, D:/worksites/canvastack/projects/canvastencil/frontend/src/components/debug/DevDebugger.tsx, D:/worksites/canvastack/projects/canvastencil/frontend/src/components/orders/PaymentProcessing.tsx, D:/worksites/canvastack/projects/canvastencil/frontend/src/components/orders/VendorSourcing.tsx, D:/worksites/canvastack/projects/canvastencil/frontend/src/components/products/ComparisonBar.tsx, D:/worksites/canvastack/projects/canvastencil/frontend/src/components/products/ComparisonNotesPanel.tsx, D:/worksites/canvastack/projects/canvastencil/frontend/src/components/products/ComparisonTable.tsx, D:/worksites/canvastack/projects/canvastencil/frontend/src/components/products/PlatformProductsView.tsx, D:/worksites/canvastack/projects/canvastencil/frontend/src/components/tenant/invoices/InvoiceList.tsx, D:/worksites/canvastack/projects/canvastencil/frontend/src/components/tenant/payments/PaymentAuditTrail.tsx, D:/worksites/canvastack/projects/canvastencil/frontend/src/components/tenant/payments/PaymentForm.tsx, D:/worksites/canvastack/projects/canvastencil/frontend/src/components/tenant/payments/PaymentVerificationQueue.tsx, D:/worksites/canvastack/projects/canvastencil/frontend/src/components/tenant/quotes/QuoteForm.tsx, D:/worksites/canvastack/projects/canvastencil/frontend/src/components/tenant/quotes/QuoteList.tsx, D:/worksites/canvastack/projects/canvastencil/frontend/src/components/ui/empty-state.tsx, D:/worksites/canvastack/projects/canvastencil/frontend/src/components/vendor/VendorForm.tsx, D:/worksites/canvastack/projects/canvastencil/frontend/src/components/vendor/VendorListSkeleton.tsx, D:/worksites/canvastack/projects/canvastencil/frontend/src/components/vendor/VendorStatsSkeleton.tsx, D:/worksites/canvastack/projects/canvastencil/frontend/src/features/admin/pages/ProductPageContent.tsx, D:/worksites/canvastack/projects/canvastencil/frontend/src/features/admin/pages/ProductSettings.tsx, D:/worksites/canvastack/projects/canvastencil/frontend/src/pages/AnnouncementsPage.tsx, D:/worksites/canvastack/projects/canvastencil/frontend/src/pages/ForgotPassword.tsx, D:/worksites/canvastack/projects/canvastencil/frontend/src/pages/Login.tsx, D:/worksites/canvastack/projects/canvastencil/frontend/src/pages/Register.tsx, D:/worksites/canvastack/projects/canvastencil/frontend/src/pages/ResetPassword.tsx, D:/worksites/canvastack/projects/canvastencil/frontend/src/pages/StatusPage.tsx, D:/worksites/canvastack/projects/canvastencil/frontend/src/pages/VerifyEmail.tsx, D:/worksites/canvastack/projects/canvastencil/frontend/src/pages/admin/ActivityLog.tsx, D:/worksites/canvastack/projects/canvastencil/frontend/src/pages/admin/BulkOrders.tsx, D:/worksites/canvastack/projects/canvastencil/frontend/src/pages/admin/CustomerDetail.tsx, D:/worksites/canvastack/projects/canvastencil/frontend/src/pages/admin/CustomerManagement.tsx, D:/worksites/canvastack/projects/canvastencil/frontend/src/pages/admin/Dashboard.tsx, D:/worksites/canvastack/projects/canvastencil/frontend/src/pages/admin/Documentation.tsx, D:/worksites/canvastack/projects/canvastencil/frontend/src/pages/admin/FinancialReport.tsx, D:/worksites/canvastack/projects/canvastencil/frontend/src/pages/admin/InventoryManagement.tsx, D:/worksites/canvastack/projects/canvastencil/frontend/src/pages/admin/LanguageSettings.tsx, D:/worksites/canvastack/projects/canvastencil/frontend/src/pages/admin/MediaLibrary.tsx, D:/worksites/canvastack/projects/canvastencil/frontend/src/pages/admin/OrderAnalytics.tsx, D:/worksites/canvastack/projects/canvastencil/frontend/src/pages/admin/OrderTracking.tsx, D:/worksites/canvastack/projects/canvastencil/frontend/src/pages/admin/PageAbout.tsx, D:/worksites/canvastack/projects/canvastencil/frontend/src/pages/admin/PageContact.tsx, D:/worksites/canvastack/projects/canvastencil/frontend/src/pages/admin/PageFAQ.tsx, D:/worksites/canvastack/projects/canvastencil/frontend/src/pages/admin/PageHome.tsx, D:/worksites/canvastack/projects/canvastencil/frontend/src/pages/admin/PageProducts.tsx, D:/worksites/canvastack/projects/canvastencil/frontend/src/pages/admin/PerformanceMonitoring.tsx, D:/worksites/canvastack/projects/canvastencil/frontend/src/pages/admin/Product3DManager.tsx, D:/worksites/canvastack/projects/canvastencil/frontend/src/pages/admin/ProductCategories.tsx, D:/worksites/canvastack/projects/canvastencil/frontend/src/pages/admin/ProductDetail.tsx, D:/worksites/canvastack/projects/canvastencil/frontend/src/pages/admin/ProductEditor.tsx, D:/worksites/canvastack/projects/canvastencil/frontend/src/pages/admin/ProductList.tsx, D:/worksites/canvastack/projects/canvastencil/frontend/src/pages/admin/RoleManagement.tsx, D:/worksites/canvastack/projects/canvastencil/frontend/src/pages/admin/Settings.tsx, D:/worksites/canvastack/projects/canvastencil/frontend/src/pages/admin/ThemeCodeEditor.tsx, D:/worksites/canvastack/projects/canvastencil/frontend/src/pages/admin/ThemeDashboard.tsx, D:/worksites/canvastack/projects/canvastencil/frontend/src/pages/admin/ThemeMarketplace.tsx, D:/worksites/canvastack/projects/canvastencil/frontend/src/pages/admin/ThemePackaging.tsx, D:/worksites/canvastack/projects/canvastencil/frontend/src/pages/admin/ThemeSettings.tsx, D:/worksites/canvastack/projects/canvastencil/frontend/src/pages/admin/ThemeUpload.tsx, D:/worksites/canvastack/projects/canvastencil/frontend/src/pages/admin/UserManagement.tsx, D:/worksites/canvastack/projects/canvastencil/frontend/src/pages/admin/UserProfile.tsx, D:/worksites/canvastack/projects/canvastencil/frontend/src/pages/admin/VendorCommunications.tsx, D:/worksites/canvastack/projects/canvastencil/frontend/src/pages/admin/VendorContracts.tsx, D:/worksites/canvastack/projects/canvastencil/frontend/src/pages/admin/VendorDetail.tsx, D:/worksites/canvastack/projects/canvastencil/frontend/src/pages/admin/VendorManagement.tsx, D:/worksites/canvastack/projects/canvastencil/frontend/src/pages/admin/VendorPerformance.tsx, D:/worksites/canvastack/projects/canvastencil/frontend/src/pages/admin/customers/CustomerCredit.tsx, D:/worksites/canvastack/projects/canvastencil/frontend/src/pages/admin/customers/CustomerDatabase.tsx, D:/worksites/canvastack/projects/canvastencil/frontend/src/pages/admin/customers/CustomerPortal.tsx, D:/worksites/canvastack/projects/canvastencil/frontend/src/pages/admin/customers/CustomerSegments.tsx, D:/worksites/canvastack/projects/canvastencil/frontend/src/pages/admin/inventory/InventoryAlerts.tsx, D:/worksites/canvastack/projects/canvastencil/frontend/src/pages/admin/inventory/InventoryLocations.tsx, D:/worksites/canvastack/projects/canvastencil/frontend/src/pages/admin/inventory/InventoryReports.tsx, D:/worksites/canvastack/projects/canvastencil/frontend/src/pages/admin/inventory/InventoryStock.tsx, D:/worksites/canvastack/projects/canvastencil/frontend/src/pages/admin/products/ProductAnalytics.tsx, D:/worksites/canvastack/projects/canvastencil/frontend/src/pages/admin/products/ProductBulk.tsx, D:/worksites/canvastack/projects/canvastencil/frontend/src/pages/admin/products/ProductCatalog.tsx, D:/worksites/canvastack/projects/canvastencil/frontend/src/pages/admin/shipping/ShippingCarriers.tsx, D:/worksites/canvastack/projects/canvastencil/frontend/src/pages/admin/shipping/ShippingMethods.tsx, D:/worksites/canvastack/projects/canvastencil/frontend/src/pages/admin/shipping/ShippingReports.tsx, D:/worksites/canvastack/projects/canvastencil/frontend/src/pages/admin/shipping/ShippingTracking.tsx, D:/worksites/canvastack/projects/canvastencil/frontend/src/pages/admin/system/FeatureFlagsManagement.tsx, D:/worksites/canvastack/projects/canvastencil/frontend/src/pages/admin/vendors/VendorDatabase.tsx, D:/worksites/canvastack/projects/canvastencil/frontend/src/pages/admin/vendors/VendorPayments.tsx, D:/worksites/canvastack/projects/canvastencil/frontend/src/pages/admin/vendors/VendorPerformance.tsx, D:/worksites/canvastack/projects/canvastencil/frontend/src/pages/admin/vendors/VendorSourcing.tsx, D:/worksites/canvastack/projects/canvastencil/frontend/src/pages/platform/ContentManagement.tsx, D:/worksites/canvastack/projects/canvastencil/frontend/src/pages/platform/LicenseManagement.tsx, D:/worksites/canvastack/projects/canvastencil/frontend/src/pages/platform/PlatformAnalytics.tsx, D:/worksites/canvastack/projects/canvastencil/frontend/src/pages/platform/PlatformDashboard.tsx, D:/worksites/canvastack/projects/canvastencil/frontend/src/pages/platform/PlatformLogin.tsx, D:/worksites/canvastack/projects/canvastencil/frontend/src/pages/platform/TenantManagement.tsx, D:/worksites/canvastack/projects/canvastencil/frontend/src/pages/platform/content/PageAbout.tsx, D:/worksites/canvastack/projects/canvastencil/frontend/src/pages/platform/content/PageContact.tsx, D:/worksites/canvastack/projects/canvastencil/frontend/src/pages/platform/content/PageFAQ.tsx, D:/worksites/canvastack/projects/canvastencil/frontend/src/pages/platform/content/PageHome.tsx, D:/worksites/canvastack/projects/canvastencil/frontend/src/pages/tenant/InvoiceManagement.tsx, D:/worksites/canvastack/projects/canvastencil/frontend/src/pages/tenant/PaymentManagement.tsx, D:/worksites/canvastack/projects/canvastencil/frontend/src/pages/tenant/ProductComparison.tsx, D:/worksites/canvastack/projects/canvastencil/frontend/src/pages/tenant/ProductionManagement.tsx, D:/worksites/canvastack/projects/canvastencil/frontend/src/pages/tenant/QualityManagement.tsx, D:/worksites/canvastack/projects/canvastencil/frontend/src/pages/tenant/QuoteManagement.tsx, D:/worksites/canvastack/projects/canvastencil/frontend/src/pages/tenant/ShippingManagement.tsx, D:/worksites/canvastack/projects/canvastencil/frontend/src/pages/tenant/TenantLogin.tsx, D:/worksites/canvastack/projects/canvastencil/frontend/src/themes/default/pages/About.tsx, D:/worksites/canvastack/projects/canvastencil/frontend/src/themes/default/pages/Cart.tsx, D:/worksites/canvastack/projects/canvastencil/frontend/src/themes/default/pages/Contact.tsx, D:/worksites/canvastack/projects/canvastencil/frontend/src/themes/default/pages/FAQ.tsx, D:/worksites/canvastack/projects/canvastencil/frontend/src/themes/default/pages/Home.tsx, D:/worksites/canvastack/projects/canvastencil/frontend/src/themes/default/pages/ProductComparison.tsx, D:/worksites/canvastack/projects/canvastencil/frontend/src/themes/default/pages/ProductDetail.tsx, D:/worksites/canvastack/projects/canvastencil/frontend/src/themes/default/pages/Products.tsx, dynamic import will not move module into another chunk.
[39m
[1m[33m[plugin:vite:reporter][39m[22m [33m[plugin vite:reporter] 
(!) D:/worksites/canvastack/projects/canvastencil/frontend/src/components/ui/label.tsx is dynamically imported by D:/worksites/canvastack/projects/canvastencil/frontend/src/components/ui/lazy-components.tsx but also statically imported by D:/worksites/canvastack/projects/canvastencil/frontend/src/components/admin/ActivityLogViewer.tsx, D:/worksites/canvastack/projects/canvastencil/frontend/src/components/admin/BulkEditDialog.tsx, D:/worksites/canvastack/projects/canvastencil/frontend/src/components/admin/ColumnCustomization.tsx, D:/worksites/canvastack/projects/canvastencil/frontend/src/components/admin/MapPicker.tsx, D:/worksites/canvastack/projects/canvastencil/frontend/src/components/admin/Product3DForm.tsx, D:/worksites/canvastack/projects/canvastencil/frontend/src/components/admin/SearchReplace.tsx, D:/worksites/canvastack/projects/canvastencil/frontend/src/components/admin/ThemeCustomizer.tsx, D:/worksites/canvastack/projects/canvastencil/frontend/src/components/admin/ThemeExporter.tsx, D:/worksites/canvastack/projects/canvastencil/frontend/src/components/admin/ThemeFileManager.tsx, D:/worksites/canvastack/projects/canvastencil/frontend/src/components/admin/ThemeUploader.tsx, D:/worksites/canvastack/projects/canvastencil/frontend/src/components/orders/OrderStatusTransition.tsx, D:/worksites/canvastack/projects/canvastencil/frontend/src/components/orders/PaymentProcessing.tsx, D:/worksites/canvastack/projects/canvastencil/frontend/src/components/orders/VendorSourcing.tsx, D:/worksites/canvastack/projects/canvastencil/frontend/src/components/products/SavedComparisonsDialog.tsx, D:/worksites/canvastack/projects/canvastencil/frontend/src/components/products/ShareComparisonDialog.tsx, D:/worksites/canvastack/projects/canvastencil/frontend/src/components/tenant/payments/PaymentForm.tsx, D:/worksites/canvastack/projects/canvastencil/frontend/src/components/tenant/payments/PaymentVerificationQueue.tsx, D:/worksites/canvastack/projects/canvastencil/frontend/src/components/tenant/quotes/QuoteForm.tsx, D:/worksites/canvastack/projects/canvastencil/frontend/src/components/ui/color-picker.tsx, D:/worksites/canvastack/projects/canvastencil/frontend/src/components/ui/form.tsx, D:/worksites/canvastack/projects/canvastencil/frontend/src/components/ui/wysiwyg-editor.tsx, D:/worksites/canvastack/projects/canvastencil/frontend/src/pages/ForgotPassword.tsx, D:/worksites/canvastack/projects/canvastencil/frontend/src/pages/Login.tsx, D:/worksites/canvastack/projects/canvastencil/frontend/src/pages/Register.tsx, D:/worksites/canvastack/projects/canvastencil/frontend/src/pages/ResetPassword.tsx, D:/worksites/canvastack/projects/canvastencil/frontend/src/pages/admin/FinancialReport.tsx, D:/worksites/canvastack/projects/canvastencil/frontend/src/pages/admin/LanguageSettings.tsx, D:/worksites/canvastack/projects/canvastencil/frontend/src/pages/admin/PageAbout.tsx, D:/worksites/canvastack/projects/canvastencil/frontend/src/pages/admin/PageContact.tsx, D:/worksites/canvastack/projects/canvastencil/frontend/src/pages/admin/PageFAQ.tsx, D:/worksites/canvastack/projects/canvastencil/frontend/src/pages/admin/PageHome.tsx, D:/worksites/canvastack/projects/canvastencil/frontend/src/pages/admin/PageProducts.tsx, D:/worksites/canvastack/projects/canvastencil/frontend/src/pages/admin/ProductCategories.tsx, D:/worksites/canvastack/projects/canvastencil/frontend/src/pages/admin/ProductDetail.tsx, D:/worksites/canvastack/projects/canvastencil/frontend/src/pages/admin/ProductEditor.tsx, D:/worksites/canvastack/projects/canvastencil/frontend/src/pages/admin/ProductList.tsx, D:/worksites/canvastack/projects/canvastencil/frontend/src/pages/admin/RoleManagement.tsx, D:/worksites/canvastack/projects/canvastencil/frontend/src/pages/admin/Settings.tsx, D:/worksites/canvastack/projects/canvastencil/frontend/src/pages/admin/ThemePackaging.tsx, D:/worksites/canvastack/projects/canvastencil/frontend/src/pages/admin/ThemeSettings.tsx, D:/worksites/canvastack/projects/canvastencil/frontend/src/pages/admin/UserManagement.tsx, D:/worksites/canvastack/projects/canvastencil/frontend/src/pages/admin/UserProfile.tsx, D:/worksites/canvastack/projects/canvastencil/frontend/src/pages/admin/customers/CustomerCredit.tsx, D:/worksites/canvastack/projects/canvastencil/frontend/src/pages/admin/customers/CustomerDatabase.tsx, D:/worksites/canvastack/projects/canvastencil/frontend/src/pages/admin/customers/CustomerPortal.tsx, D:/worksites/canvastack/projects/canvastencil/frontend/src/pages/admin/customers/CustomerSegments.tsx, D:/worksites/canvastack/projects/canvastencil/frontend/src/pages/admin/inventory/InventoryAlerts.tsx, D:/worksites/canvastack/projects/canvastencil/frontend/src/pages/admin/inventory/InventoryLocations.tsx, D:/worksites/canvastack/projects/canvastencil/frontend/src/pages/admin/inventory/InventoryReports.tsx, D:/worksites/canvastack/projects/canvastencil/frontend/src/pages/admin/inventory/InventoryStock.tsx, D:/worksites/canvastack/projects/canvastencil/frontend/src/pages/admin/products/ProductBulk.tsx, D:/worksites/canvastack/projects/canvastencil/frontend/src/pages/admin/shipping/ShippingCarriers.tsx, D:/worksites/canvastack/projects/canvastencil/frontend/src/pages/admin/shipping/ShippingMethods.tsx, D:/worksites/canvastack/projects/canvastencil/frontend/src/pages/admin/shipping/ShippingReports.tsx, D:/worksites/canvastack/projects/canvastencil/frontend/src/pages/admin/system/FeatureFlagsManagement.tsx, D:/worksites/canvastack/projects/canvastencil/frontend/src/pages/admin/vendors/VendorDatabase.tsx, D:/worksites/canvastack/projects/canvastencil/frontend/src/pages/platform/PlatformLogin.tsx, D:/worksites/canvastack/projects/canvastencil/frontend/src/pages/platform/content/PageAbout.tsx, D:/worksites/canvastack/projects/canvastencil/frontend/src/pages/platform/content/PageContact.tsx, D:/worksites/canvastack/projects/canvastencil/frontend/src/pages/platform/content/PageFAQ.tsx, D:/worksites/canvastack/projects/canvastencil/frontend/src/pages/platform/content/PageHome.tsx, D:/worksites/canvastack/projects/canvastencil/frontend/src/pages/tenant/TenantLogin.tsx, D:/worksites/canvastack/projects/canvastencil/frontend/src/themes/default/pages/Cart.tsx, D:/worksites/canvastack/projects/canvastencil/frontend/src/themes/default/pages/Contact.tsx, D:/worksites/canvastack/projects/canvastencil/frontend/src/themes/default/pages/ProductDetail.tsx, dynamic import will not move module into another chunk.
[39m
[1m[33m[plugin:vite:reporter][39m[22m [33m[plugin vite:reporter] 
(!) D:/worksites/canvastack/projects/canvastencil/frontend/src/components/ui/tabs.tsx is dynamically imported by D:/worksites/canvastack/projects/canvastencil/frontend/src/components/ui/lazy-components.tsx, D:/worksites/canvastack/projects/canvastencil/frontend/src/components/ui/lazy-components.tsx, D:/worksites/canvastack/projects/canvastencil/frontend/src/components/ui/lazy-components.tsx, D:/worksites/canvastack/projects/canvastencil/frontend/src/components/ui/lazy-components.tsx but also statically imported by D:/worksites/canvastack/projects/canvastencil/frontend/src/components/admin/LivePreview.tsx, D:/worksites/canvastack/projects/canvastencil/frontend/src/components/admin/ProductAnalyticsDashboard.tsx, D:/worksites/canvastack/projects/canvastencil/frontend/src/components/admin/ThemeCustomizer.tsx, D:/worksites/canvastack/projects/canvastencil/frontend/src/components/orders/VendorSourcing.tsx, D:/worksites/canvastack/projects/canvastencil/frontend/src/components/ui/tabbed-modal.tsx, D:/worksites/canvastack/projects/canvastencil/frontend/src/components/vendor/VendorForm.tsx, D:/worksites/canvastack/projects/canvastencil/frontend/src/features/admin/pages/ProductPageContent.tsx, D:/worksites/canvastack/projects/canvastencil/frontend/src/features/admin/pages/ProductSettings.tsx, D:/worksites/canvastack/projects/canvastencil/frontend/src/pages/AnnouncementsPage.tsx, D:/worksites/canvastack/projects/canvastencil/frontend/src/pages/admin/BulkOrders.tsx, D:/worksites/canvastack/projects/canvastencil/frontend/src/pages/admin/CustomerDetail.tsx, D:/worksites/canvastack/projects/canvastencil/frontend/src/pages/admin/CustomerManagement.tsx, D:/worksites/canvastack/projects/canvastencil/frontend/src/pages/admin/Documentation.tsx, D:/worksites/canvastack/projects/canvastencil/frontend/src/pages/admin/InventoryManagement.tsx, D:/worksites/canvastack/projects/canvastencil/frontend/src/pages/admin/OrderAnalytics.tsx, D:/worksites/canvastack/projects/canvastencil/frontend/src/pages/admin/PageAbout.tsx, D:/worksites/canvastack/projects/canvastencil/frontend/src/pages/admin/PageContact.tsx, D:/worksites/canvastack/projects/canvastencil/frontend/src/pages/admin/PageFAQ.tsx, D:/worksites/canvastack/projects/canvastencil/frontend/src/pages/admin/PageHome.tsx, D:/worksites/canvastack/projects/canvastencil/frontend/src/pages/admin/PageProducts.tsx, D:/worksites/canvastack/projects/canvastencil/frontend/src/pages/admin/PerformanceMonitoring.tsx, D:/worksites/canvastack/projects/canvastencil/frontend/src/pages/admin/Product3DManager.tsx, D:/worksites/canvastack/projects/canvastencil/frontend/src/pages/admin/ProductDetail.tsx, D:/worksites/canvastack/projects/canvastencil/frontend/src/pages/admin/ProductEditor.tsx, D:/worksites/canvastack/projects/canvastencil/frontend/src/pages/admin/Settings.tsx, D:/worksites/canvastack/projects/canvastencil/frontend/src/pages/admin/ThemeAdvancedEditor.tsx, D:/worksites/canvastack/projects/canvastencil/frontend/src/pages/admin/ThemeDashboard.tsx, D:/worksites/canvastack/projects/canvastencil/frontend/src/pages/admin/ThemeMarketplace.tsx, D:/worksites/canvastack/projects/canvastencil/frontend/src/pages/admin/ThemeSettings.tsx, D:/worksites/canvastack/projects/canvastencil/frontend/src/pages/admin/UserManagement.tsx, D:/worksites/canvastack/projects/canvastencil/frontend/src/pages/admin/UserProfile.tsx, D:/worksites/canvastack/projects/canvastencil/frontend/src/pages/admin/VendorCommunications.tsx, D:/worksites/canvastack/projects/canvastencil/frontend/src/pages/admin/VendorContracts.tsx, D:/worksites/canvastack/projects/canvastencil/frontend/src/pages/admin/VendorDetail.tsx, D:/worksites/canvastack/projects/canvastencil/frontend/src/pages/admin/VendorManagement.tsx, D:/worksites/canvastack/projects/canvastencil/frontend/src/pages/admin/VendorPerformance.tsx, D:/worksites/canvastack/projects/canvastencil/frontend/src/pages/admin/customers/CustomerCredit.tsx, D:/worksites/canvastack/projects/canvastencil/frontend/src/pages/admin/customers/CustomerPortal.tsx, D:/worksites/canvastack/projects/canvastencil/frontend/src/pages/admin/customers/CustomerSegments.tsx, D:/worksites/canvastack/projects/canvastencil/frontend/src/pages/admin/inventory/InventoryAlerts.tsx, D:/worksites/canvastack/projects/canvastencil/frontend/src/pages/admin/inventory/InventoryLocations.tsx, D:/worksites/canvastack/projects/canvastencil/frontend/src/pages/admin/inventory/InventoryReports.tsx, D:/worksites/canvastack/projects/canvastencil/frontend/src/pages/admin/inventory/InventoryStock.tsx, D:/worksites/canvastack/projects/canvastencil/frontend/src/pages/admin/products/ProductAnalytics.tsx, D:/worksites/canvastack/projects/canvastencil/frontend/src/pages/admin/products/ProductBulk.tsx, D:/worksites/canvastack/projects/canvastencil/frontend/src/pages/admin/shipping/ShippingCarriers.tsx, D:/worksites/canvastack/projects/canvastencil/frontend/src/pages/admin/shipping/ShippingMethods.tsx, D:/worksites/canvastack/projects/canvastencil/frontend/src/pages/admin/shipping/ShippingReports.tsx, D:/worksites/canvastack/projects/canvastencil/frontend/src/pages/admin/shipping/ShippingTracking.tsx, D:/worksites/canvastack/projects/canvastencil/frontend/src/pages/admin/vendors/VendorDatabase.tsx, D:/worksites/canvastack/projects/canvastencil/frontend/src/pages/admin/vendors/VendorPerformance.tsx, D:/worksites/canvastack/projects/canvastencil/frontend/src/pages/platform/LicenseManagement.tsx, D:/worksites/canvastack/projects/canvastencil/frontend/src/pages/platform/PlatformAnalytics.tsx, D:/worksites/canvastack/projects/canvastencil/frontend/src/pages/platform/TenantManagement.tsx, D:/worksites/canvastack/projects/canvastencil/frontend/src/pages/platform/content/PageAbout.tsx, D:/worksites/canvastack/projects/canvastencil/frontend/src/pages/platform/content/PageContact.tsx, D:/worksites/canvastack/projects/canvastencil/frontend/src/pages/platform/content/PageFAQ.tsx, D:/worksites/canvastack/projects/canvastencil/frontend/src/pages/platform/content/PageHome.tsx, D:/worksites/canvastack/projects/canvastencil/frontend/src/pages/tenant/InvoiceManagement.tsx, D:/worksites/canvastack/projects/canvastencil/frontend/src/pages/tenant/PaymentManagement.tsx, D:/worksites/canvastack/projects/canvastencil/frontend/src/pages/tenant/ProductionManagement.tsx, D:/worksites/canvastack/projects/canvastencil/frontend/src/pages/tenant/QualityManagement.tsx, D:/worksites/canvastack/projects/canvastencil/frontend/src/pages/tenant/QuoteManagement.tsx, D:/worksites/canvastack/projects/canvastencil/frontend/src/pages/tenant/ShippingManagement.tsx, dynamic import will not move module into another chunk.
[39m
[1m[33m[plugin:vite:reporter][39m[22m [33m[plugin vite:reporter] 
(!) D:/worksites/canvastack/projects/canvastencil/frontend/src/components/ui/separator.tsx is dynamically imported by D:/worksites/canvastack/projects/canvastencil/frontend/src/components/ui/lazy-components.tsx but also statically imported by D:/worksites/canvastack/projects/canvastencil/frontend/src/components/admin/ActivityLogViewer.tsx, D:/worksites/canvastack/projects/canvastencil/frontend/src/components/admin/BulkEditDialog.tsx, D:/worksites/canvastack/projects/canvastencil/frontend/src/components/admin/ColumnCustomization.tsx, D:/worksites/canvastack/projects/canvastencil/frontend/src/components/admin/ProductAnalyticsDashboard.tsx, D:/worksites/canvastack/projects/canvastencil/frontend/src/components/admin/SearchReplace.tsx, D:/worksites/canvastack/projects/canvastencil/frontend/src/components/admin/ThemeCustomizer.tsx, D:/worksites/canvastack/projects/canvastencil/frontend/src/components/admin/ThemeExporter.tsx, D:/worksites/canvastack/projects/canvastencil/frontend/src/components/admin/ThemeUploader.tsx, D:/worksites/canvastack/projects/canvastencil/frontend/src/components/admin/VersionHistory.tsx, D:/worksites/canvastack/projects/canvastencil/frontend/src/components/orders/PaymentProcessing.tsx, D:/worksites/canvastack/projects/canvastencil/frontend/src/components/products/ComparisonModal.tsx, D:/worksites/canvastack/projects/canvastencil/frontend/src/components/products/ComparisonTable.tsx, D:/worksites/canvastack/projects/canvastencil/frontend/src/components/ui/notification-toast.tsx, D:/worksites/canvastack/projects/canvastencil/frontend/src/components/ui/wysiwyg-editor.tsx, D:/worksites/canvastack/projects/canvastencil/frontend/src/pages/admin/ThemeAdvancedEditor.tsx, D:/worksites/canvastack/projects/canvastencil/frontend/src/pages/admin/ThemeSettings.tsx, D:/worksites/canvastack/projects/canvastencil/frontend/src/pages/admin/system/FeatureFlagsManagement.tsx, D:/worksites/canvastack/projects/canvastencil/frontend/src/pages/platform/LicenseManagement.tsx, D:/worksites/canvastack/projects/canvastencil/frontend/src/pages/platform/TenantManagement.tsx, D:/worksites/canvastack/projects/canvastencil/frontend/src/themes/default/pages/Cart.tsx, dynamic import will not move module into another chunk.
[39m
[1m[33m[plugin:vite:reporter][39m[22m [33m[plugin vite:reporter] 
(!) D:/worksites/canvastack/projects/canvastencil/frontend/src/components/ui/select.tsx is dynamically imported by D:/worksites/canvastack/projects/canvastencil/frontend/src/components/ui/lazy-components.tsx, D:/worksites/canvastack/projects/canvastencil/frontend/src/components/ui/lazy-components.tsx, D:/worksites/canvastack/projects/canvastencil/frontend/src/components/ui/lazy-components.tsx, D:/worksites/canvastack/projects/canvastencil/frontend/src/components/ui/lazy-components.tsx, D:/worksites/canvastack/projects/canvastencil/frontend/src/components/ui/lazy-components.tsx, D:/worksites/canvastack/projects/canvastencil/frontend/src/components/ui/lazy-components.tsx, D:/worksites/canvastack/projects/canvastencil/frontend/src/components/ui/lazy-components.tsx, D:/worksites/canvastack/projects/canvastencil/frontend/src/components/ui/lazy-components.tsx but also statically imported by D:/worksites/canvastack/projects/canvastencil/frontend/src/components/ThemeSwitcher.tsx, D:/worksites/canvastack/projects/canvastencil/frontend/src/components/admin/ActivityLogViewer.tsx, D:/worksites/canvastack/projects/canvastencil/frontend/src/components/admin/BulkEditDialog.tsx, D:/worksites/canvastack/projects/canvastencil/frontend/src/components/admin/CodeEditor.tsx, D:/worksites/canvastack/projects/canvastencil/frontend/src/components/orders/OrderStatusTransition.tsx, D:/worksites/canvastack/projects/canvastencil/frontend/src/components/orders/PaymentProcessing.tsx, D:/worksites/canvastack/projects/canvastencil/frontend/src/components/orders/VendorSourcing.tsx, D:/worksites/canvastack/projects/canvastencil/frontend/src/components/products/ShareComparisonDialog.tsx, D:/worksites/canvastack/projects/canvastencil/frontend/src/components/tenant/invoices/InvoiceList.tsx, D:/worksites/canvastack/projects/canvastencil/frontend/src/components/tenant/payments/PaymentForm.tsx, D:/worksites/canvastack/projects/canvastencil/frontend/src/components/tenant/quotes/QuoteForm.tsx, D:/worksites/canvastack/projects/canvastencil/frontend/src/components/tenant/quotes/QuoteList.tsx, D:/worksites/canvastack/projects/canvastencil/frontend/src/components/ui/wysiwyg-editor.tsx, D:/worksites/canvastack/projects/canvastencil/frontend/src/components/vendor/VendorFormField.tsx, D:/worksites/canvastack/projects/canvastencil/frontend/src/features/admin/pages/ProductSettings.tsx, D:/worksites/canvastack/projects/canvastencil/frontend/src/pages/admin/FinancialReport.tsx, D:/worksites/canvastack/projects/canvastencil/frontend/src/pages/admin/MediaLibrary.tsx, D:/worksites/canvastack/projects/canvastencil/frontend/src/pages/admin/OrderAnalytics.tsx, D:/worksites/canvastack/projects/canvastencil/frontend/src/pages/admin/PerformanceMonitoring.tsx, D:/worksites/canvastack/projects/canvastencil/frontend/src/pages/admin/ProductCategories.tsx, D:/worksites/canvastack/projects/canvastencil/frontend/src/pages/admin/ProductDetail.tsx, D:/worksites/canvastack/projects/canvastencil/frontend/src/pages/admin/ProductEditor.tsx, D:/worksites/canvastack/projects/canvastencil/frontend/src/pages/admin/ProductList.tsx, D:/worksites/canvastack/projects/canvastencil/frontend/src/pages/admin/ThemeSettings.tsx, D:/worksites/canvastack/projects/canvastencil/frontend/src/pages/admin/UserManagement.tsx, D:/worksites/canvastack/projects/canvastencil/frontend/src/pages/admin/customers/CustomerCredit.tsx, D:/worksites/canvastack/projects/canvastencil/frontend/src/pages/admin/customers/CustomerDatabase.tsx, D:/worksites/canvastack/projects/canvastencil/frontend/src/pages/admin/customers/CustomerPortal.tsx, D:/worksites/canvastack/projects/canvastencil/frontend/src/pages/admin/customers/CustomerSegments.tsx, D:/worksites/canvastack/projects/canvastencil/frontend/src/pages/admin/inventory/InventoryAlerts.tsx, D:/worksites/canvastack/projects/canvastencil/frontend/src/pages/admin/inventory/InventoryLocations.tsx, D:/worksites/canvastack/projects/canvastencil/frontend/src/pages/admin/inventory/InventoryReports.tsx, D:/worksites/canvastack/projects/canvastencil/frontend/src/pages/admin/inventory/InventoryStock.tsx, D:/worksites/canvastack/projects/canvastencil/frontend/src/pages/admin/products/ProductAnalytics.tsx, D:/worksites/canvastack/projects/canvastencil/frontend/src/pages/admin/products/ProductBulk.tsx, D:/worksites/canvastack/projects/canvastencil/frontend/src/pages/admin/products/ProductCatalog.tsx, D:/worksites/canvastack/projects/canvastencil/frontend/src/pages/admin/shipping/ShippingCarriers.tsx, D:/worksites/canvastack/projects/canvastencil/frontend/src/pages/admin/shipping/ShippingMethods.tsx, D:/worksites/canvastack/projects/canvastencil/frontend/src/pages/admin/shipping/ShippingReports.tsx, D:/worksites/canvastack/projects/canvastencil/frontend/src/pages/admin/shipping/ShippingTracking.tsx, D:/worksites/canvastack/projects/canvastencil/frontend/src/pages/admin/system/FeatureFlagsManagement.tsx, D:/worksites/canvastack/projects/canvastencil/frontend/src/pages/admin/vendors/VendorDatabase.tsx, D:/worksites/canvastack/projects/canvastencil/frontend/src/pages/admin/vendors/VendorPayments.tsx, D:/worksites/canvastack/projects/canvastencil/frontend/src/pages/admin/vendors/VendorPerformance.tsx, D:/worksites/canvastack/projects/canvastencil/frontend/src/pages/admin/vendors/VendorSourcing.tsx, D:/worksites/canvastack/projects/canvastencil/frontend/src/pages/platform/LicenseManagement.tsx, D:/worksites/canvastack/projects/canvastencil/frontend/src/pages/platform/PlatformAnalytics.tsx, D:/worksites/canvastack/projects/canvastencil/frontend/src/pages/platform/TenantManagement.tsx, D:/worksites/canvastack/projects/canvastencil/frontend/src/pages/tenant/PaymentManagement.tsx, D:/worksites/canvastack/projects/canvastencil/frontend/src/pages/tenant/ProductionManagement.tsx, D:/worksites/canvastack/projects/canvastencil/frontend/src/pages/tenant/QualityManagement.tsx, D:/worksites/canvastack/projects/canvastencil/frontend/src/pages/tenant/ShippingManagement.tsx, D:/worksites/canvastack/projects/canvastencil/frontend/src/themes/default/pages/Contact.tsx, D:/worksites/canvastack/projects/canvastencil/frontend/src/themes/default/pages/ProductDetail.tsx, D:/worksites/canvastack/projects/canvastencil/frontend/src/themes/default/pages/Products.tsx, dynamic import will not move module into another chunk.
[39m
[1m[33m[plugin:vite:reporter][39m[22m [33m[plugin vite:reporter] 
(!) D:/worksites/canvastack/projects/canvastencil/frontend/src/components/ui/textarea.tsx is dynamically imported by D:/worksites/canvastack/projects/canvastencil/frontend/src/components/ui/lazy-components.tsx but also statically imported by D:/worksites/canvastack/projects/canvastencil/frontend/src/components/admin/Product3DForm.tsx, D:/worksites/canvastack/projects/canvastencil/frontend/src/components/admin/ThemeExporter.tsx, D:/worksites/canvastack/projects/canvastencil/frontend/src/components/orders/OrderStatusTransition.tsx, D:/worksites/canvastack/projects/canvastencil/frontend/src/components/orders/PaymentProcessing.tsx, D:/worksites/canvastack/projects/canvastencil/frontend/src/components/orders/VendorSourcing.tsx, D:/worksites/canvastack/projects/canvastencil/frontend/src/components/products/ComparisonNotesPanel.tsx, D:/worksites/canvastack/projects/canvastencil/frontend/src/components/products/SavedComparisonsDialog.tsx, D:/worksites/canvastack/projects/canvastencil/frontend/src/components/tenant/payments/PaymentForm.tsx, D:/worksites/canvastack/projects/canvastencil/frontend/src/components/tenant/payments/PaymentVerificationQueue.tsx, D:/worksites/canvastack/projects/canvastencil/frontend/src/components/tenant/quotes/QuoteForm.tsx, D:/worksites/canvastack/projects/canvastencil/frontend/src/components/vendor/VendorFormField.tsx, D:/worksites/canvastack/projects/canvastencil/frontend/src/features/admin/pages/ProductPageContent.tsx, D:/worksites/canvastack/projects/canvastencil/frontend/src/features/reviews/components/ReviewForm.tsx, D:/worksites/canvastack/projects/canvastencil/frontend/src/pages/admin/BulkOrders.tsx, D:/worksites/canvastack/projects/canvastencil/frontend/src/pages/admin/PageAbout.tsx, D:/worksites/canvastack/projects/canvastencil/frontend/src/pages/admin/PageContact.tsx, D:/worksites/canvastack/projects/canvastencil/frontend/src/pages/admin/PageFAQ.tsx, D:/worksites/canvastack/projects/canvastencil/frontend/src/pages/admin/PageHome.tsx, D:/worksites/canvastack/projects/canvastencil/frontend/src/pages/admin/PageProducts.tsx, D:/worksites/canvastack/projects/canvastencil/frontend/src/pages/admin/ProductCategories.tsx, D:/worksites/canvastack/projects/canvastencil/frontend/src/pages/admin/ProductDetail.tsx, D:/worksites/canvastack/projects/canvastencil/frontend/src/pages/admin/ProductEditor.tsx, D:/worksites/canvastack/projects/canvastencil/frontend/src/pages/admin/RoleManagement.tsx, D:/worksites/canvastack/projects/canvastencil/frontend/src/pages/admin/Settings.tsx, D:/worksites/canvastack/projects/canvastencil/frontend/src/pages/admin/VendorCommunications.tsx, D:/worksites/canvastack/projects/canvastencil/frontend/src/pages/admin/customers/CustomerCredit.tsx, D:/worksites/canvastack/projects/canvastencil/frontend/src/pages/admin/customers/CustomerPortal.tsx, D:/worksites/canvastack/projects/canvastencil/frontend/src/pages/admin/customers/CustomerSegments.tsx, D:/worksites/canvastack/projects/canvastencil/frontend/src/pages/admin/inventory/InventoryAlerts.tsx, D:/worksites/canvastack/projects/canvastencil/frontend/src/pages/admin/inventory/InventoryLocations.tsx, D:/worksites/canvastack/projects/canvastencil/frontend/src/pages/admin/inventory/InventoryStock.tsx, D:/worksites/canvastack/projects/canvastencil/frontend/src/pages/admin/shipping/ShippingCarriers.tsx, D:/worksites/canvastack/projects/canvastencil/frontend/src/pages/admin/shipping/ShippingMethods.tsx, D:/worksites/canvastack/projects/canvastencil/frontend/src/pages/platform/content/PageAbout.tsx, D:/worksites/canvastack/projects/canvastencil/frontend/src/pages/platform/content/PageContact.tsx, D:/worksites/canvastack/projects/canvastencil/frontend/src/pages/platform/content/PageFAQ.tsx, D:/worksites/canvastack/projects/canvastencil/frontend/src/pages/platform/content/PageHome.tsx, D:/worksites/canvastack/projects/canvastencil/frontend/src/themes/default/pages/Contact.tsx, dynamic import will not move module into another chunk.
[39m
[1m[33m[plugin:vite:reporter][39m[22m [33m[plugin vite:reporter] 
(!) D:/worksites/canvastack/projects/canvastencil/frontend/src/components/ui/data-table.tsx is dynamically imported by D:/worksites/canvastack/projects/canvastencil/frontend/src/components/ui/lazy-components.tsx but also statically imported by D:/worksites/canvastack/projects/canvastencil/frontend/src/pages/admin/CustomerDetail.tsx, D:/worksites/canvastack/projects/canvastencil/frontend/src/pages/admin/FinancialReport.tsx, D:/worksites/canvastack/projects/canvastencil/frontend/src/pages/admin/ProductDetail.tsx, D:/worksites/canvastack/projects/canvastencil/frontend/src/pages/admin/RoleManagement.tsx, D:/worksites/canvastack/projects/canvastencil/frontend/src/pages/admin/UserManagement.tsx, D:/worksites/canvastack/projects/canvastencil/frontend/src/pages/admin/VendorCommunications.tsx, D:/worksites/canvastack/projects/canvastencil/frontend/src/pages/admin/VendorContracts.tsx, D:/worksites/canvastack/projects/canvastencil/frontend/src/pages/admin/VendorDetail.tsx, D:/worksites/canvastack/projects/canvastencil/frontend/src/pages/admin/customers/CustomerCredit.tsx, D:/worksites/canvastack/projects/canvastencil/frontend/src/pages/admin/customers/CustomerDatabase.tsx, D:/worksites/canvastack/projects/canvastencil/frontend/src/pages/admin/customers/CustomerPortal.tsx, D:/worksites/canvastack/projects/canvastencil/frontend/src/pages/admin/customers/CustomerSegments.tsx, D:/worksites/canvastack/projects/canvastencil/frontend/src/pages/admin/inventory/InventoryAlerts.tsx, D:/worksites/canvastack/projects/canvastencil/frontend/src/pages/admin/inventory/InventoryLocations.tsx, D:/worksites/canvastack/projects/canvastencil/frontend/src/pages/admin/inventory/InventoryStock.tsx, D:/worksites/canvastack/projects/canvastencil/frontend/src/pages/admin/products/ProductCatalog.tsx, D:/worksites/canvastack/projects/canvastencil/frontend/src/pages/admin/shipping/ShippingCarriers.tsx, D:/worksites/canvastack/projects/canvastencil/frontend/src/pages/admin/shipping/ShippingMethods.tsx, D:/worksites/canvastack/projects/canvastencil/frontend/src/pages/admin/shipping/ShippingTracking.tsx, D:/worksites/canvastack/projects/canvastencil/frontend/src/pages/admin/vendors/VendorDatabase.tsx, D:/worksites/canvastack/projects/canvastencil/frontend/src/pages/admin/vendors/VendorPayments.tsx, dynamic import will not move module into another chunk.
[39m
[1m[33m[plugin:vite:reporter][39m[22m [33m[plugin vite:reporter] 
(!) D:/worksites/canvastack/projects/canvastencil/frontend/src/core/engine/ThemeManager.ts is dynamically imported by D:/worksites/canvastack/projects/canvastencil/frontend/src/core/engine/packaging/ThemePackageManager.ts, D:/worksites/canvastack/projects/canvastencil/frontend/src/core/engine/packaging/ThemePackageManager.ts, D:/worksites/canvastack/projects/canvastencil/frontend/src/core/engine/packaging/ThemePackageManager.ts but also statically imported by D:/worksites/canvastack/projects/canvastencil/frontend/src/core/engine/ThemeProvider.tsx, D:/worksites/canvastack/projects/canvastencil/frontend/src/pages/admin/ThemeDashboard.tsx, D:/worksites/canvastack/projects/canvastencil/frontend/src/themes/default/index.ts, dynamic import will not move module into another chunk.
[39m
computing gzip size...
[2mdist/[22m[32mindex.html                                  [39m[1m[2m    2.72 kB[22m[1m[22m[2m │ gzip:   0.84 kB[22m
[2mdist/[22m[32m.vite/manifest.json                         [39m[1m[2m   33.20 kB[22m[1m[22m[2m │ gzip:   2.42 kB[22m
[2mdist/[22m[35massets/css/index-C7agftaf.css               [39m[1m[2m  131.34 kB[22m[1m[22m[2m │ gzip:  21.24 kB[22m
[2mdist/[22m[36massets/js/ui-vendor-ByoYm48K.js             [39m[1m[2m    0.20 kB[22m[1m[22m[2m │ gzip:   0.16 kB[22m
[2mdist/[22m[36massets/js/theme-2juKC6aQ.js                 [39m[1m[2m    0.40 kB[22m[1m[22m[2m │ gzip:   0.27 kB[22m
[2mdist/[22m[36massets/js/usePageContent-CIiFOiJw.js        [39m[1m[2m    0.62 kB[22m[1m[22m[2m │ gzip:   0.43 kB[22m
[2mdist/[22m[36massets/js/NotFound-BFL0ltqZ.js              [39m[1m[2m    1.07 kB[22m[1m[22m[2m │ gzip:   0.55 kB[22m
[2mdist/[22m[36massets/js/query-vendor-o9ZhAne_.js          [39m[1m[2m    2.16 kB[22m[1m[22m[2m │ gzip:   1.01 kB[22m
[2mdist/[22m[36massets/js/ProductComparison-sKLYf96w.js     [39m[1m[2m    4.72 kB[22m[1m[22m[2m │ gzip:   1.84 kB[22m
[2mdist/[22m[36massets/js/FAQ-DIUtZo0E.js                   [39m[1m[2m    6.75 kB[22m[1m[22m[2m │ gzip:   2.38 kB[22m
[2mdist/[22m[36massets/js/Cart-Drp5K7yI.js                  [39m[1m[2m    6.86 kB[22m[1m[22m[2m │ gzip:   2.33 kB[22m
[2mdist/[22m[36massets/js/AnnouncementsPage-L3-1jcgo.js     [39m[1m[2m    7.05 kB[22m[1m[22m[2m │ gzip:   2.46 kB[22m
[2mdist/[22m[36massets/js/ContentManagement-BXqOmsbt.js     [39m[1m[2m    7.07 kB[22m[1m[22m[2m │ gzip:   2.25 kB[22m
[2mdist/[22m[36massets/js/ProductSettings-__FKXR39.js       [39m[1m[2m    7.31 kB[22m[1m[22m[2m │ gzip:   2.12 kB[22m
[2mdist/[22m[36massets/js/ProductComparison-OQ5SJLbZ.js     [39m[1m[2m    7.99 kB[22m[1m[22m[2m │ gzip:   2.78 kB[22m
[2mdist/[22m[36massets/js/QuoteManagement-Dt6KXe6u.js       [39m[1m[2m    8.62 kB[22m[1m[22m[2m │ gzip:   2.38 kB[22m
[2mdist/[22m[36massets/js/InvoiceManagement-C2Uo2rt-.js     [39m[1m[2m    9.30 kB[22m[1m[22m[2m │ gzip:   2.68 kB[22m
[2mdist/[22m[36massets/js/ProductPageContent-j_LRf91x.js    [39m[1m[2m   10.59 kB[22m[1m[22m[2m │ gzip:   2.66 kB[22m
[2mdist/[22m[36massets/js/PageFAQ-DzbuPF2c.js               [39m[1m[2m   10.60 kB[22m[1m[22m[2m │ gzip:   2.24 kB[22m
[2mdist/[22m[36massets/js/About-D4sAWRuP.js                 [39m[1m[2m   10.88 kB[22m[1m[22m[2m │ gzip:   2.58 kB[22m
[2mdist/[22m[36massets/js/StatusPage-D_3L7a67.js            [39m[1m[2m   10.96 kB[22m[1m[22m[2m │ gzip:   3.30 kB[22m
[2mdist/[22m[36massets/js/Contact-CV5uUSdd.js               [39m[1m[2m   11.20 kB[22m[1m[22m[2m │ gzip:   3.33 kB[22m
[2mdist/[22m[36massets/js/Home-Cg1ebNRL.js                  [39m[1m[2m   13.90 kB[22m[1m[22m[2m │ gzip:   3.42 kB[22m
[2mdist/[22m[36massets/js/PaymentManagement-BwS6RAK-.js     [39m[1m[2m   17.31 kB[22m[1m[22m[2m │ gzip:   4.44 kB[22m
[2mdist/[22m[36massets/js/QualityManagement-3uCCYylU.js     [39m[1m[2m   20.79 kB[22m[1m[22m[2m │ gzip:   4.86 kB[22m
[2mdist/[22m[36massets/js/PageAbout-tqCduMgR.js             [39m[1m[2m   20.82 kB[22m[1m[22m[2m │ gzip:   2.89 kB[22m
[2mdist/[22m[36massets/js/ShippingManagement-D_g2O2AI.js    [39m[1m[2m   22.29 kB[22m[1m[22m[2m │ gzip:   4.96 kB[22m
[2mdist/[22m[36massets/js/PageContact-DZXvduY8.js           [39m[1m[2m   22.67 kB[22m[1m[22m[2m │ gzip:   3.74 kB[22m
[2mdist/[22m[36massets/js/Products-D2tz0DJ-.js              [39m[1m[2m   24.14 kB[22m[1m[22m[2m │ gzip:   7.13 kB[22m
[2mdist/[22m[36massets/js/ProductionManagement-rrdPrcFc.js  [39m[1m[2m   25.59 kB[22m[1m[22m[2m │ gzip:   5.32 kB[22m
[2mdist/[22m[36massets/js/PlatformAnalytics-DkSxZxLk.js     [39m[1m[2m   28.15 kB[22m[1m[22m[2m │ gzip:   5.27 kB[22m
[2mdist/[22m[36massets/js/LicenseManagement-fGLr0Zof.js     [39m[1m[2m   29.37 kB[22m[1m[22m[2m │ gzip:   5.97 kB[22m
[2mdist/[22m[36massets/js/ProductDetail-D3ZsFhTm.js         [39m[1m[2m   30.39 kB[22m[1m[22m[2m │ gzip:   8.30 kB[22m
[2mdist/[22m[36massets/js/TenantManagement-Bzxzp_j-.js      [39m[1m[2m   32.21 kB[22m[1m[22m[2m │ gzip:   5.97 kB[22m
[2mdist/[22m[36massets/js/PageHome-CTG6ZA_R.js              [39m[1m[2m   33.19 kB[22m[1m[22m[2m │ gzip:   5.10 kB[22m
[2mdist/[22m[36massets/js/admin-system-Dj4YeMFS.js          [39m[1m[2m   39.27 kB[22m[1m[22m[2m │ gzip:   7.86 kB[22m
[2mdist/[22m[36massets/js/form-vendor-jkkk5lrx.js           [39m[1m[2m   55.09 kB[22m[1m[22m[2m │ gzip:  12.57 kB[22m
[2mdist/[22m[36massets/js/admin-orders-Cb1rWamr.js          [39m[1m[2m   70.04 kB[22m[1m[22m[2m │ gzip:  15.39 kB[22m
[2mdist/[22m[36massets/index-CG--aqhp.js                    [39m[1m[2m   73.58 kB[22m[1m[22m[2m │ gzip:  14.50 kB[22m
[2mdist/[22m[36massets/js/utils-vendor-XAaUatqS.js          [39m[1m[2m   90.14 kB[22m[1m[22m[2m │ gzip:  31.46 kB[22m
[2mdist/[22m[36massets/js/admin-content-CiixVJ0P.js         [39m[1m[2m   98.15 kB[22m[1m[22m[2m │ gzip:  24.50 kB[22m
[2mdist/[22m[36massets/js/ui-components-BH_e7erV.js         [39m[1m[2m   99.47 kB[22m[1m[22m[2m │ gzip:  23.12 kB[22m
[2mdist/[22m[36massets/js/admin-components-4r6DTWrV.js      [39m[1m[2m  144.67 kB[22m[1m[22m[2m │ gzip:  34.92 kB[22m
[2mdist/[22m[36massets/js/services-Lw8W3oQ-.js              [39m[1m[2m  174.30 kB[22m[1m[22m[2m │ gzip:  45.54 kB[22m
[2mdist/[22m[36massets/js/admin-customers-NwgxIc-T.js       [39m[1m[2m  228.66 kB[22m[1m[22m[2m │ gzip:  40.81 kB[22m
[2mdist/[22m[36massets/js/shared-components-DeLsx6do.js     [39m[1m[2m  235.80 kB[22m[1m[22m[2m │ gzip:  48.65 kB[22m
[2mdist/[22m[36massets/js/admin-products-RZr_DuNY.js        [39m[1m[2m  271.30 kB[22m[1m[22m[2m │ gzip:  54.21 kB[22m
[2mdist/[22m[36massets/js/admin-core-D-Cw6ozj.js            [39m[1m[2m  314.42 kB[22m[1m[22m[2m │ gzip:  53.90 kB[22m
[2mdist/[22m[36massets/js/react-vendor-D3Iu1SnR.js          [39m[1m[2m  581.39 kB[22m[1m[22m[2m │ gzip: 182.71 kB[22m
[2mdist/[22m[36massets/js/three-vendor-Bon4FD1Q.js          [39m[1m[2m  716.79 kB[22m[1m[22m[2m │ gzip: 182.37 kB[22m
[2mdist/[22m[36massets/js/vendor-yx1RqVoc.js                [39m[1m[33m2,015.05 kB[39m[22m[2m │ gzip: 599.41 kB[22m
[33m
(!) Some chunks are larger than 1000 kB after minification. Consider:
- Using dynamic import() to code-split the application
- Use build.rollupOptions.output.manualChunks to improve chunking: https://rollupjs.org/configuration-options/#output-manualchunks
- Adjust chunk size limit for this warning via build.chunkSizeWarningLimit.[39m
[32m✓ built in 1m 47s[39m
