php artisan test
PHP Warning:  Module "openssl" is already loaded in Unknown on line 0

Warning: Module "openssl" is already loaded in Unknown on line 0

Warning: Module "openssl" is already loaded in Unknown on line 0
PHP Warning:  Module "openssl" is already loaded in Unknown on line 0

   PASS  Tests\Unit\Application\Order\AssignVendorUseCaseTest
  ✓ it assigns vendor to order successfully                                                                                                                                                                                                                             0.31s
  ✓ it fails when order not found                                                                                                                                                                                                                                       0.05s
  ✓ it fails when order belongs to different tenant                                                                                                                                                                                                                     0.15s
  ✓ it fails when vendor not found                                                                                                                                                                                                                                      0.22s
  ✓ it fails when order status does not allow vendor assignment                                                                                                                                                                                                         0.06s
  ✓ it fails when tenant id is empty                                                                                                                                                                                                                                    0.06s
  ✓ it fails when order id is empty                                                                                                                                                                                                                                     0.05s
  ✓ it fails when vendor id is empty                                                                                                                                                                                                                                    0.05s

   PASS  Tests\Unit\Application\Order\CreatePurchaseOrderUseCaseTest
  ✓ it creates order successfully                                                                                                                                                                                                                                       0.10s
  ✓ it fails when order number already exists                                                                                                                                                                                                                           0.05s
  ✓ it fails when tenant id is empty                                                                                                                                                                                                                                    0.06s
  ✓ it fails when customer id is empty                                                                                                                                                                                                                                  0.08s
  ✓ it fails when total amount is negative                                                                                                                                                                                                                              0.05s
  ✓ it fails when items array is empty                                                                                                                                                                                                                                  0.06s
  ✓ it fails when item missing required fields                                                                                                                                                                                                                          0.06s
  ✓ it fails when item quantity is zero                                                                                                                                                                                                                                 0.06s
  ✓ it fails when item unit price is negative                                                                                                                                                                                                                           0.07s
  ✓ it creates order with shipping and billing address                                                                                                                                                                                                                  0.06s
  ✓ it creates order with default currency                                                                                                                                                                                                                              0.06s

   PASS  Tests\Unit\Application\Order\Handlers\CommandHandlersTest
  ✓ assign vendor handler delegates to use case                                                                                                                                                                                                                         0.17s
  ✓ negotiate with vendor handler delegates to use case                                                                                                                                                                                                                 0.05s
  ✓ complete order handler delegates to use case                                                                                                                                                                                                                        0.04s

   PASS  Tests\Unit\Application\Order\Handlers\CreatePurchaseOrderHandlerTest
  ✓ it handles create purchase order command                                                                                                                                                                                                                            0.04s
  ✓ it returns order from use case                                                                                                                                                                                                                                      0.04s

   PASS  Tests\Unit\Application\Order\Handlers\QueryHandlersTest
  ✓ get order query handler returns order by id                                                                                                                                                                                                                         0.04s
  ✓ get orders by status query handler returns paginated orders                                                                                                                                                                                                         0.05s
  ✓ get orders by status query handler handles pagination                                                                                                                                                                                                               0.04s
  ✓ get orders by customer query handler returns customer orders                                                                                                                                                                                                        0.04s
  ✓ get order analytics query handler returns analytics                                                                                                                                                                                                                 0.04s
  ✓ get order history query handler returns recent orders                                                                                                                                                                                                               0.07s

   PASS  Tests\Unit\Application\Order\NegotiateWithVendorUseCaseTest
  ✓ it negotiates with vendor successfully                                                                                                                                                                                                                              0.06s
  ✓ it fails when order not found                                                                                                                                                                                                                                       0.25s
  ✓ it fails when order status does not allow negotiation                                                                                                                                                                                                               0.06s
  ✓ it fails when quoted price is negative                                                                                                                                                                                                                              0.05s
  ✓ it fails when lead time is invalid                                                                                                                                                                                                                                  0.05s
  ✓ it fails when vendor not found                                                                                                                                                                                                                                      0.06s

   PASS  Tests\Unit\Application\Order\Services\ApplicationServicesTest
  ✓ order application service creates order with transaction                                                                                                                                                                                                            0.09s
  ✓ payment service verifies payment successfully                                                                                                                                                                                                                       0.08s
  ✓ payment service validates payment amount                                                                                                                                                                                                                            0.06s
  ✓ payment service calculates down payment                                                                                                                                                                                                                             0.05s
  ✓ payment service generates invoice number                                                                                                                                                                                                                            0.05s
  ✓ vendor negotiation service starts negotiation                                                                                                                                                                                                                       0.05s
  ✓ vendor negotiation service requests quote                                                                                                                                                                                                                           0.05s
  ✓ vendor negotiation service validates quote price                                                                                                                                                                                                                    0.05s
  ✓ vendor negotiation service compares quotes                                                                                                                                                                                                                          0.05s
  ✓ vendor negotiation service sets deadline                                                                                                                                                                                                                            0.07s
  ✓ vendor negotiation service sets urgent deadline                                                                                                                                                                                                                     0.06s
  ✓ vendor negotiation service concludes negotiation                                                                                                                                                                                                                    0.06s

   PASS  Tests\Unit\Application\Order\Subscribers\EventSubscribersTest
  ✓ order workflow subscriber registered correctly                                                                                                                                                                                                                      0.28s
  ✓ order workflow subscriber handles vendor assigned                                                                                                                                                                                                                   0.24s
  ✓ order workflow subscriber handles quote requested                                                                                                                                                                                                                   0.33s
  ✓ order workflow subscriber handles quote approved                                                                                                                                                                                                                    0.18s
  ✓ order workflow subscriber handles order shipped                                                                                                                                                                                                                     0.17s
  ✓ order workflow subscriber handles order completed                                                                                                                                                                                                                   0.18s
  ✓ payment workflow subscriber registered correctly                                                                                                                                                                                                                    0.18s
  ✓ payment workflow subscriber handles payment received                                                                                                                                                                                                                0.17s
  ✓ payment workflow subscriber handles refund processed                                                                                                                                                                                                                0.28s
  ✓ notification subscriber registered correctly                                                                                                                                                                                                                        0.13s
  ✓ notification subscriber handles order created                                                                                                                                                                                                                       0.12s
  ✓ notification subscriber handles order status changed                                                                                                                                                                                                                0.14s
  ✓ notification subscriber handles payment received                                                                                                                                                                                                                    0.12s
  ✓ notification subscriber handles order shipped                                                                                                                                                                                                                       0.12s
  ✓ notification subscriber handles order delivered                                                                                                                                                                                                                     0.12s
  ✓ notification subscriber handles order cancelled                                                                                                                                                                                                                     0.13s
  ✓ subscribers maintain event mapping                                                                                                                                                                                                                                  0.13s
  ✓ subscribers properly delegate to listeners                                                                                                                                                                                                                          0.15s
  ✓ multiple subscribers can handle same event                                                                                                                                                                                                                          0.22s
  ✓ event subscriber isolation                                                                                                                                                                                                                                          0.12s

   PASS  Tests\Unit\Application\Product\CreateProductCategoryUseCaseTest
  ✓ it creates root category successfully                                                                                                                                                                                                                               0.06s
  ✓ it creates child category successfully                                                                                                                                                                                                                              0.04s
  ✓ it throws exception when slug already exists                                                                                                                                                                                                                        0.05s
  ✓ it throws exception when parent not found                                                                                                                                                                                                                           0.04s
  ✓ it creates category with allowed materials                                                                                                                                                                                                                          0.05s
  ✓ it creates category with quality levels                                                                                                                                                                                                                             0.04s
  ✓ it creates category with customization options                                                                                                                                                                                                                      0.04s
  ✓ it creates category with seo information                                                                                                                                                                                                                            0.04s
  ✓ it creates category with pricing configuration                                                                                                                                                                                                                      0.04s
  ✓ it validates invalid material values                                                                                                                                                                                                                                0.05s
  ✓ it validates invalid quality values                                                                                                                                                                                                                                 0.04s
  ✓ it validates markup percentage range                                                                                                                                                                                                                                0.04s
  ✓ it creates featured category                                                                                                                                                                                                                                        0.05s
  ✓ it creates hidden menu category                                                                                                                                                                                                                                     0.04s
  ✓ it creates category with media information                                                                                                                                                                                                                          0.04s
  ✓ it creates category with custom sort order                                                                                                                                                                                                                          0.04s

   PASS  Tests\Unit\Application\Product\CreateProductVariantUseCaseTest
  ✓ it creates product variant successfully                                                                                                                                                                                                                             0.07s
  ✓ it creates variant with pricing information                                                                                                                                                                                                                         0.05s
  ✓ it creates variant with stock information                                                                                                                                                                                                                           0.05s
  ✓ it creates variant with dimensions                                                                                                                                                                                                                                  0.04s
  ✓ it creates variant with custom sku                                                                                                                                                                                                                                  0.04s
  ✓ it creates variant with etching specifications                                                                                                                                                                                                                      0.04s
  ✓ it throws exception when category not found                                                                                                                                                                                                                         0.04s
  ✓ it throws exception when variant already exists                                                                                                                                                                                                                     0.04s
  ✓ it throws exception when custom sku already exists                                                                                                                                                                                                                  0.04s
  ✓ it validates invalid material                                                                                                                                                                                                                                       0.04s
  ✓ it validates invalid quality                                                                                                                                                                                                                                        0.05s
  ✓ it validates negative dimensions                                                                                                                                                                                                                                    0.05s
  ✓ it validates negative weight                                                                                                                                                                                                                                        0.04s
  ✓ it validates negative stock                                                                                                                                                                                                                                         0.05s
  ✓ it validates invalid pricing                                                                                                                                                                                                                                        0.05s
  ✓ it calculates price with material and quality multipliers                                                                                                                                                                                                           0.04s

   PASS  Tests\Unit\Domain\CustomerEntityTest
  ✓ it can be created with valid data                                                                                                                                                                                                                                   0.07s
  ✓ it can be created as business customer                                                                                                                                                                                                                              0.05s
  ✓ business customer requires company name                                                                                                                                                                                                                             0.04s
  ✓ it can update name                                                                                                                                                                                                                                                  0.04s
  ✓ it can update email                                                                                                                                                                                                                                                 0.04s
  ✓ it can add and remove tags                                                                                                                                                                                                                                          0.04s
  ✓ it prevents duplicate tags                                                                                                                                                                                                                                          0.04s
  ✓ it can suspend and activate                                                                                                                                                                                                                                         0.04s
  ✓ it can update last order date                                                                                                                                                                                                                                       0.04s
  ✓ it can calculate days since last order                                                                                                                                                                                                                              0.04s
  ✓ it returns null for days since last order when no orders                                                                                                                                                                                                            0.04s
  ✓ it generates correct display name for individual                                                                                                                                                                                                                    0.04s
  ✓ it generates correct display name for business                                                                                                                                                                                                                      0.04s
  ✓ it can update phone                                                                                                                                                                                                                                                 0.04s
  ✓ it can update address                                                                                                                                                                                                                                               0.04s
  ✓ it can convert to array                                                                                                                                                                                                                                             0.05s
ℹ️  No duplicate categories found

   PASS  Tests\Unit\Domain\Customer\Services\CustomerSegmentationServiceTest
  ✓ calculate rfm score for champion customer                                                                                                                                                                                                                           8.41s
  ✓ calculate rfm score for new customer                                                                                                                                                                                                                                0.16s
  ✓ segment all customers returns collection                                                                                                                                                                                                                            0.20s
  ✓ get segment distribution returns valid data                                                                                                                                                                                                                         0.23s
  ✓ get lifetime value calculates correctly                                                                                                                                                                                                                             0.17s
  ✓ get churn risk identifies at risk customer                                                                                                                                                                                                                          0.15s
  ✓ get churn risk identifies low risk customer                                                                                                                                                                                                                         0.21s
  ✓ get high value customers filters correctly                                                                                                                                                                                                                          0.33s
  ✓ get at risk customers returns high churn risk                                                                                                                                                                                                                       0.17s

   PASS  Tests\Unit\Domain\Order\Jobs\OrderSlaMonitorJobTest
  ✓ job handles order sla monitoring                                                                                                                                                                                                                                    0.14s
  ✓ sla breach detection                                                                                                                                                                                                                                                0.15s
  ✓ multi level escalation slack channel                                                                                                                                                                                                                                0.14s
  ✓ multi level escalation email channel                                                                                                                                                                                                                                0.15s
  ✓ role based routing procurement lead                                                                                                                                                                                                                                 0.14s
  ✓ threshold configuration sourcing vendor                                                                                                                                                                                                                             0.16s
  ✓ threshold configuration vendor negotiation                                                                                                                                                                                                                          0.25s
  ✓ notification dispatch on escalation                                                                                                                                                                                                                                 0.17s
  ✓ job returns early if order not found                                                                                                                                                                                                                                0.23s
  ✓ job returns early if status mismatch                                                                                                                                                                                                                                0.22s
  ✓ escalation index null with threshold check                                                                                                                                                                                                                          0.20s
  ✓ multiple escalation levels triggered sequentially                                                                                                                                                                                                                   0.17s
  ✓ sla metadata updated after job execution                                                                                                                                                                                                                            0.21s
  ✓ job handles in production state                                                                                                                                                                                                                                     0.21s
  ✓ job handles quality check state                                                                                                                                                                                                                                     0.39s
  ✓ sla not breached if within threshold                                                                                                                                                                                                                                0.23s
  ✓ tenant scoping respected in job                                                                                                                                                                                                                                     0.28s

   PASS  Tests\Unit\Domain\Order\Listeners\EventListenersTest
  ✓ send vendor assignment email listener                                                                                                                                                                                                                               0.22s
  ✓ send quote request to vendor listener                                                                                                                                                                                                                               0.16s
  ✓ send quote approval to customer listener                                                                                                                                                                                                                            0.13s
  ✓ update inventory on order complete listener                                                                                                                                                                                                                         0.14s
  ✓ trigger invoice generation on payment received                                                                                                                                                                                                                      0.15s
  ✓ trigger invoice generation on order completed                                                                                                                                                                                                                       0.15s
  ✓ send shipping notification listener                                                                                                                                                                                                                                 0.15s
  ✓ process order completion listener                                                                                                                                                                                                                                   0.17s
  ✓ handle refund workflow listener                                                                                                                                                                                                                                     0.17s
  ✓ listener handles missing customer gracefully                                                                                                                                                                                                                        0.17s
  ✓ listener handles missing vendor gracefully                                                                                                                                                                                                                          0.15s
  ✓ listener handles exceptions gracefully                                                                                                                                                                                                                              0.15s
  ✓ invoice number generation format                                                                                                                                                                                                                                    0.15s
  ✓ refund updates order status                                                                                                                                                                                                                                         0.15s
  ✓ process order completion updates customer metrics                                                                                                                                                                                                                   0.16s
  ✓ listeners maintain multi tenant isolation                                                                                                                                                                                                                           0.19s
  ✓ invoice generation idempotent                                                                                                                                                                                                                                       0.14s

   PASS  Tests\Unit\Domain\Order\Notifications\NotificationPreferencesTest
  ✓ channel preference management whatsapp enabled                                                                                                                                                                                                                      0.15s
  ✓ channel preference management sms enabled                                                                                                                                                                                                                           0.13s
  ✓ disabled channel filtering whatsapp                                                                                                                                                                                                                                 0.14s
  ✓ disabled channel filtering sms                                                                                                                                                                                                                                      0.14s
  ✓ disabled channel filtering multiple channels                                                                                                                                                                                                                        0.25s
  ✓ customer notification opt out complete disable                                                                                                                                                                                                                      0.12s
  ✓ customer notification opt out via metadata                                                                                                                                                                                                                          0.12s
  ✓ phone number validation valid indonesian number                                                                                                                                                                                                                     0.12s
  ✓ phone number validation international format                                                                                                                                                                                                                        0.11s
  ✓ phone number formatting local to international                                                                                                                                                                                                                      0.11s
  ✓ phone number validation returns null for invalid                                                                                                                                                                                                                    0.10s
  ✓ notification not sent when phone empty                                                                                                                                                                                                                              0.12s
  ✓ notification not sent when phone null                                                                                                                                                                                                                               0.13s
  ✓ whatsapp channel disabled by config                                                                                                                                                                                                                                 0.12s
  ✓ sms channel disabled by config                                                                                                                                                                                                                                      0.14s
  ✓ channel preference specific channels                                                                                                                                                                                                                                0.20s
  ✓ database notification channel always included                                                                                                                                                                                                                       0.12s
  ✓ mail channel always included                                                                                                                                                                                                                                        0.12s
  ✓ multiple notification types respect preferences                                                                                                                                                                                                                     0.13s
  ✓ metadata notification channels array                                                                                                                                                                                                                                0.12s
  ✓ fallback to default preferences when none set                                                                                                                                                                                                                       0.11s
  ✓ preference priority metadata over preferences                                                                                                                                                                                                                       0.11s
  ✓ sms payload contains phone number                                                                                                                                                                                                                                   0.11s
  ✓ sms payload contains message body                                                                                                                                                                                                                                   0.10s
  ✓ notification context includes order id                                                                                                                                                                                                                              0.11s
  ✓ notification context includes order number                                                                                                                                                                                                                          0.11s

   PASS  Tests\Unit\Domain\Order\Notifications\OrderNotificationChannelsTest
  ✓ via includes whatsapp and sms when enabled                                                                                                                                                                                                                          0.07s
  ✓ via excludes whatsapp when customer disables channel                                                                                                                                                                                                                0.05s
  ✓ whatsapp payload contains expected context                                                                                                                                                                                                                          0.04s

   PASS  Tests\Unit\Domain\Order\Services\OrderPaymentServiceTest
  ✓ record customer payment with valid amount                                                                                                                                                                                                                           0.13s
  ✓ record down payment detection                                                                                                                                                                                                                                       0.14s
  ✓ record partial payment handling                                                                                                                                                                                                                                     0.14s
  ✓ final payment detection when amount equals remaining                                                                                                                                                                                                                0.18s
  ✓ payment amount capped to remaining                                                                                                                                                                                                                                  0.21s
  ✓ throw exception when order already paid                                                                                                                                                                                                                             0.19s
  ✓ throw exception with zero or negative amount                                                                                                                                                                                                                        0.19s
  ✓ payment method validation                                                                                                                                                                                                                                           0.21s
  ✓ duplicate payment prevention through reference                                                                                                                                                                                                                      0.35s
  ✓ vendor disbursement recording                                                                                                                                                                                                                                       0.34s
  ✓ multiple vendor disbursements                                                                                                                                                                                                                                       0.28s
  ✓ throw exception when disbursing without vendor                                                                                                                                                                                                                      0.19s
  ✓ throw exception with zero disbursement amount                                                                                                                                                                                                                       0.17s
  ✓ payment metadata tracking                                                                                                                                                                                                                                           0.19s
  ✓ vendor disbursement metadata tracking                                                                                                                                                                                                                               0.18s
  ✓ payment with custom currency                                                                                                                                                                                                                                        0.25s
  ✓ payment with due date                                                                                                                                                                                                                                               0.14s
  ✓ down payment amount stored in order                                                                                                                                                                                                                                 0.14s
  ✓ transaction tenant scoping                                                                                                                                                                                                                                          0.21s

   PASS  Tests\Unit\Domain\Order\Services\OrderStateMachineTest
  ✓ can transition from new to sourcing vendor                                                                                                                                                                                                                          0.34s
  ✓ cannot transition from new to completed                                                                                                                                                                                                                             0.29s
  ✓ cannot transition to same status                                                                                                                                                                                                                                    0.20s
  ✓ get available transitions returns valid next states                                                                                                                                                                                                                 0.21s
  ✓ validate transition requires vendor for negotiation                                                                                                                                                                                                                 0.19s
  ✓ validate transition requires quotation amount                                                                                                                                                                                                                       0.18s
  ✓ validate transition requires tracking number for shipped                                                                                                                                                                                                            0.18s
  ✓ validate transition requires cancellation reason                                                                                                                                                                                                                    0.16s
  ✓ transition updates order status successfully                                                                                                                                                                                                                        0.31s
  ✓ transition throws exception for invalid transition                                                                                                                                                                                                                  0.13s
  ✓ transition to payment received updates payment info                                                                                                                                                                                                                 0.16s
  ✓ partial payment sets partially paid status                                                                                                                                                                                                                          0.16s
  ✓ additional payment during production completes balance                                                                                                                                                                                                              0.17s
  ✓ vendor disbursement is recorded during production transition                                                                                                                                                                                                        0.18s
  ✓ transition to shipped records tracking number                                                                                                                                                                                                                       0.15s
  ✓ transition to cancelled stores reason in metadata                                                                                                                                                                                                                   0.16s
  ✓ transition to vendor negotiation creates negotiation record                                                                                                                                                                                                         0.17s
  ✓ transition initializes sla timer for status with policy                                                                                                                                                                                                             0.15s
  ✓ transition records sla history and triggers escalation on breach                                                                                                                                                                                                    0.22s
  ✓ initialize sla schedules monitor jobs                                                                                                                                                                                                                               0.21s
  ✓ sla escalation job updates metadata and dispatches event                                                                                                                                                                                                            0.19s
  ✓ sla threshold job marks breach and dispatches event                                                                                                                                                                                                                 0.15s

   PASS  Tests\Unit\Domain\Order\Services\RefundCalculationEngineTest
  ✓ it calculates customer initiated pre production refund correctly                                                                                                                                                                                                    0.18s
  ✓ it calculates customer initiated mid production refund correctly                                                                                                                                                                                                    0.15s
  ✓ it calculates quality issue full refund with vendor liability                                                                                                                                                                                                       0.49s
  ✓ it calculates partial quality issue refund correctly                                                                                                                                                                                                                0.15s
  ✓ it calculates vendor failure with full recovery                                                                                                                                                                                                                     0.26s
  ✓ it calculates timeline delay compensation                                                                                                                                                                                                                           0.15s
  ✓ it calculates production error with company liability                                                                                                                                                                                                               0.13s
  ✓ it calculates production progress correctly                                                                                                                                                                                                                         0.31s
  ✓ it determines fault party correctly                                                                                                                                                                                                                                 0.18s
  ✓ it applies insurance fund coverage for quality issues                                                                                                                                                                                                               0.13s
  ✓ it handles edge case zero amounts                                                                                                                                                                                                                                   0.13s
  ✓ it validates calculation metadata                                                                                                                                                                                                                                   0.16s
  ✓ it enforces business rule minimum refund zero                                                                                                                                                                                                                       0.17s
  ✓ it calculates risk assessment based on amount and reason                                                                                                                                                                                                            0.24s

   PASS  Tests\Unit\Domain\Order\Services\VendorNegotiationServiceTest
  ✓ start negotiation creates new negotiation                                                                                                                                                                                                                           0.21s
  ✓ negotiation workflow open to countered                                                                                                                                                                                                                              0.19s
  ✓ round tracking in negotiation                                                                                                                                                                                                                                       0.20s
  ✓ counter offer recording with history                                                                                                                                                                                                                                0.31s
  ✓ expiration enforcement                                                                                                                                                                                                                                              0.29s
  ✓ negotiation approved conclusion                                                                                                                                                                                                                                     0.20s
  ✓ negotiation rejected conclusion                                                                                                                                                                                                                                     0.19s
  ✓ negotiation expired conclusion                                                                                                                                                                                                                                      0.20s
  ✓ negotiation cancelled conclusion                                                                                                                                                                                                                                    0.18s
  ✓ throw exception for invalid conclusion status                                                                                                                                                                                                                       0.38s
  ✓ throw exception when starting without vendor                                                                                                                                                                                                                        0.21s
  ✓ existing open negotiation returns without creating new                                                                                                                                                                                                              0.19s
  ✓ negotiation history audit trail                                                                                                                                                                                                                                     0.21s
  ✓ negotiation terms tracking                                                                                                                                                                                                                                          0.19s
  ✓ order metadata updated during negotiation                                                                                                                                                                                                                           0.18s
  ✓ metadata updated after counter offer                                                                                                                                                                                                                                0.27s
  ✓ negotiation currency tracking                                                                                                                                                                                                                                       0.42s
  ✓ multiple vendor negotiations on same order                                                                                                                                                                                                                          0.37s
  ✓ negotiation tenant scoping                                                                                                                                                                                                                                          0.23s
  ✓ history entry timestamp format                                                                                                                                                                                                                                      0.18s
  ✓ negotiation conclusion with final amount                                                                                                                                                                                                                            0.20s

   PASS  Tests\Unit\Domain\Order\StateTransition\EdgeCaseTest
  ✓ invalid state transition from new to completed                                                                                                                                                                                                                      0.27s
  ✓ invalid state transition from completed backward                                                                                                                                                                                                                    0.14s
  ✓ invalid state transition to self                                                                                                                                                                                                                                    0.14s
  ✓ concurrent transition attempts                                                                                                                                                                                                                                      0.17s
  ✓ transition with missing required field                                                                                                                                                                                                                              0.14s
  ✓ transition with empty metadata                                                                                                                                                                                                                                      0.16s
  ✓ transition with corrupted metadata                                                                                                                                                                                                                                  0.15s
  ✓ rapid sequential transitions                                                                                                                                                                                                                                        0.15s
  ✓ transition with null vendor                                                                                                                                                                                                                                         0.14s
  ✓ transition with extreme currency values                                                                                                                                                                                                                             0.16s
  ✓ transition with zero amount                                                                                                                                                                                                                                         0.13s
  ✓ transition with negative amount                                                                                                                                                                                                                                     0.26s
  ✓ rollback on transition failure                                                                                                                                                                                                                                      0.14s
  ✓ validation error handling missing tracking number                                                                                                                                                                                                                   0.14s
  ✓ validation error handling missing cancellation reason                                                                                                                                                                                                               0.13s
  ✓ order with special characters in metadata                                                                                                                                                                                                                           0.15s
  ✓ transition with unicode characters                                                                                                                                                                                                                                  0.16s
  ✓ transition maintains timestamps                                                                                                                                                                                                                                     0.15s
  ✓ transition with very old order                                                                                                                                                                                                                                      0.15s
  ✓ transition with future timestamps                                                                                                                                                                                                                                   0.15s
  ✓ cannot transition with invalid enum value                                                                                                                                                                                                                           0.13s
  ✓ get available transitions for all states                                                                                                                                                                                                                            0.15s
  ✓ state machine handles concurrent orders                                                                                                                                                                                                                             0.17s
  ✓ transition isolation between tenants                                                                                                                                                                                                                                0.19s
  ✓ transition with minimal metadata payload                                                                                                                                                                                                                            0.16s
  ✓ transition with deeply nested metadata                                                                                                                                                                                                                              0.15s
  ✓ validation with multiple errors                                                                                                                                                                                                                                     0.12s

   PASS  Tests\Unit\Domain\Order\ValueObjects\OrderStatusTransitionTest
  ✓ can transition validates allowed transitions                                                                                                                                                                                                                        0.03s
  ✓ get required fields returns correct fields
  ✓ validate transition data identifies missing fields
  ✓ validate transition data passes with complete data
  ✓ validate payment type
  ✓ validate payment amount
  ✓ validate full payment
  ✓ validate pricing

   PASS  Tests\Unit\Domain\Product\Enums\ProductMaterialTest
  ✓ it has all expected material values                                                                                                                                                                                                                                 0.04s
  ✓ it returns correct string values                                                                                                                                                                                                                                    0.04s
  ✓ it returns correct display names                                                                                                                                                                                                                                    0.04s
  ✓ it returns correct descriptions                                                                                                                                                                                                                                     0.05s
  ✓ it returns correct pricing multipliers                                                                                                                                                                                                                              0.04s
  ✓ it identifies metal materials correctly                                                                                                                                                                                                                             0.07s
  ✓ it identifies plastic materials correctly                                                                                                                                                                                                                           0.06s
  ✓ it returns correct density values                                                                                                                                                                                                                                   0.04s
  ✓ it returns correct melting points                                                                                                                                                                                                                                   0.06s
  ✓ it returns correct hardness levels                                                                                                                                                                                                                                  0.06s
  ✓ it returns correct corrosion resistance                                                                                                                                                                                                                             0.06s
  ✓ it returns correct workability levels                                                                                                                                                                                                                               0.06s
  ✓ it returns correct etching suitability                                                                                                                                                                                                                              0.04s
  ✓ it returns available thickness options                                                                                                                                                                                                                              0.06s
  ✓ it returns available finishes                                                                                                                                                                                                                                       0.06s
  ✓ it calculates weight correctly                                                                                                                                                                                                                                      0.04s
  ✓ it can be created from string                                                                                                                                                                                                                                       0.05s
  ✓ it throws exception for invalid string                                                                                                                                                                                                                              0.05s
  ✓ it returns all materials as options                                                                                                                                                                                                                                 0.06s
  ✓ it returns metal materials only                                                                                                                                                                                                                                     0.05s
  ✓ it returns plastic materials only                                                                                                                                                                                                                                   0.07s
  ✓ it returns materials suitable for etching                                                                                                                                                                                                                           0.05s
  ✓ it can compare materials by price                                                                                                                                                                                                                                   0.09s
  ✓ it can get compatible finishes for material                                                                                                                                                                                                                         0.10s
  ✓ it validates thickness availability                                                                                                                                                                                                                                 0.10s
  ✓ it validates finish availability                                                                                                                                                                                                                                    0.08s

   PASS  Tests\Unit\Domain\Product\Enums\ProductQualityTest
  ✓ it has all expected quality values                                                                                                                                                                                                                                  0.21s
  ✓ it returns correct string values                                                                                                                                                                                                                                    0.05s
  ✓ it returns correct display names                                                                                                                                                                                                                                    0.06s
  ✓ it returns correct descriptions                                                                                                                                                                                                                                     0.04s
  ✓ it returns correct pricing multipliers                                                                                                                                                                                                                              0.05s
  ✓ it returns correct precision levels                                                                                                                                                                                                                                 0.05s
  ✓ it returns correct surface finish quality                                                                                                                                                                                                                           0.08s
  ✓ it returns correct inspection levels                                                                                                                                                                                                                                0.07s
  ✓ it returns correct lead times                                                                                                                                                                                                                                       0.08s
  ✓ it returns correct minimum order quantities                                                                                                                                                                                                                         0.07s
  ✓ it returns available finishes per quality                                                                                                                                                                                                                           0.07s
  ✓ it returns correct quality certifications                                                                                                                                                                                                                           0.05s
  ✓ it checks if requires special tooling                                                                                                                                                                                                                               0.06s
  ✓ it checks if requires quality approval                                                                                                                                                                                                                              0.13s
  ✓ it checks if includes documentation                                                                                                                                                                                                                                 0.07s
  ✓ it returns correct etching depth precision                                                                                                                                                                                                                          0.05s
  ✓ it returns correct edge quality levels                                                                                                                                                                                                                              0.06s
  ✓ it calculates price with multiplier                                                                                                                                                                                                                                 0.05s
  ✓ it can be created from string                                                                                                                                                                                                                                       0.05s
  ✓ it throws exception for invalid string                                                                                                                                                                                                                              0.04s
  ✓ it returns all qualities as options                                                                                                                                                                                                                                 0.05s
  ✓ it can compare quality levels                                                                                                                                                                                                                                       0.05s
  ✓ it can check if is lower quality                                                                                                                                                                                                                                    0.05s
  ✓ it returns quality level numeric value                                                                                                                                                                                                                              0.05s
  ✓ it can sort qualities by level                                                                                                                                                                                                                                      0.05s
  ✓ it returns qualities above level                                                                                                                                                                                                                                    0.05s
  ✓ it returns qualities below level                                                                                                                                                                                                                                    0.05s
  ✓ it calculates quality upgrade cost                                                                                                                                                                                                                                  0.05s
  ✓ it returns compatible materials per quality                                                                                                                                                                                                                         0.05s
  ✓ it checks if quality is suitable for application                                                                                                                                                                                                                    0.05s
  ✓ it returns recommended applications                                                                                                                                                                                                                                 0.04s

   PASS  Tests\Unit\Domain\Product\ProductCategoryEntityTest
  ✓ it can be created with valid data                                                                                                                                                                                                                                   0.08s
  ✓ it can be created as child category                                                                                                                                                                                                                                 0.05s
  ✓ it can update basic information                                                                                                                                                                                                                                     0.06s
  ✓ it can be activated and deactivated                                                                                                                                                                                                                                 0.05s
  ✓ it can be featured and unfeatured                                                                                                                                                                                                                                   0.05s
  ✓ it can toggle menu visibility                                                                                                                                                                                                                                       0.05s
  ✓ it can set allowed materials                                                                                                                                                                                                                                        0.05s
  ✓ it can set quality levels                                                                                                                                                                                                                                           0.04s
  ✓ it can set customization options                                                                                                                                                                                                                                    0.05s
  ✓ it can update sort order                                                                                                                                                                                                                                            0.04s
  ✓ it can set media information                                                                                                                                                                                                                                        0.04s
  ✓ it can set seo information                                                                                                                                                                                                                                          0.05s
  ✓ it can set pricing configuration                                                                                                                                                                                                                                    0.05s
  ✓ it validates markup percentage range                                                                                                                                                                                                                                0.05s
  ✓ it can check if has etching materials                                                                                                                                                                                                                               0.04s
  ✓ it can get hierarchy path                                                                                                                                                                                                                                           0.04s
  ✓ it can convert to array                                                                                                                                                                                                                                             0.05s
  ✓ it generates correct breadcrumb                                                                                                                                                                                                                                     0.05s
  ✓ it validates parent relationship prevents circular reference                                                                                                                                                                                                        0.05s

   PASS  Tests\Unit\Domain\Product\ProductVariantEntityTest
  ✓ it can be created with valid data                                                                                                                                                                                                                                   0.07s
  ✓ it generates sku automatically                                                                                                                                                                                                                                      0.05s
  ✓ it can update pricing information                                                                                                                                                                                                                                   0.05s
  ✓ it calculates profit margin correctly                                                                                                                                                                                                                               0.05s
  ✓ it handles zero base price for profit margin                                                                                                                                                                                                                        0.06s
  ✓ it can update stock quantity                                                                                                                                                                                                                                        0.04s
  ✓ it can increase stock                                                                                                                                                                                                                                               0.05s
  ✓ it can decrease stock                                                                                                                                                                                                                                               0.05s
  ✓ it prevents negative stock decrease                                                                                                                                                                                                                                 0.05s
  ✓ it can set low stock threshold                                                                                                                                                                                                                                      0.05s
  ✓ it can check stock status                                                                                                                                                                                                                                           0.04s
  ✓ it can set dimensions                                                                                                                                                                                                                                               0.04s
  ✓ it validates positive dimensions                                                                                                                                                                                                                                    0.05s
  ✓ it can set weight                                                                                                                                                                                                                                                   0.05s
  ✓ it validates positive weight                                                                                                                                                                                                                                        0.04s
  ✓ it can be activated and deactivated                                                                                                                                                                                                                                 0.04s
  ✓ it can set custom sku                                                                                                                                                                                                                                               0.05s
  ✓ it validates unique sku format                                                                                                                                                                                                                                      0.05s
  ✓ it can set etching specifications                                                                                                                                                                                                                                   0.05s
  ✓ it can check material properties                                                                                                                                                                                                                                    0.05s
  ✓ it can check quality level                                                                                                                                                                                                                                          0.07s
  ✓ it applies material and quality pricing multipliers                                                                                                                                                                                                                 0.06s
  ✓ it can convert to array                                                                                                                                                                                                                                             0.06s
  ✓ it generates variant display name                                                                                                                                                                                                                                   0.06s

   PASS  Tests\Unit\Domain\Product\ValueObjects\ProductCategoryNameTest
  ✓ it can be created with valid name                                                                                                                                                                                                                                   0.09s
  ✓ it trims whitespace from name                                                                                                                                                                                                                                       0.07s
  ✓ it validates minimum length                                                                                                                                                                                                                                         0.08s
  ✓ it validates maximum length                                                                                                                                                                                                                                         0.08s
  ✓ it rejects empty name                                                                                                                                                                                                                                               0.06s
  ✓ it rejects only whitespace name                                                                                                                                                                                                                                     0.05s
  ✓ it allows valid special characters                                                                                                                                                                                                                                  0.05s
  ✓ it rejects invalid special characters                                                                                                                                                                                                                               0.05s
  ✓ it allows unicode characters                                                                                                                                                                                                                                        0.05s
  ✓ it handles mixed case properly                                                                                                                                                                                                                                      0.05s
  ✓ it can check equality                                                                                                                                                                                                                                               0.06s
  ✓ it is case sensitive for equality                                                                                                                                                                                                                                   0.16s
  ✓ it can generate slug suggestion                                                                                                                                                                                                                                     0.09s
  ✓ it handles unicode in slug generation                                                                                                                                                                                                                               0.09s
  ✓ it can check if contains etching keywords                                                                                                                                                                                                                           0.08s
  ✓ it can get character count                                                                                                                                                                                                                                          0.14s
  ✓ it can get word count                                                                                                                                                                                                                                               0.11s
  ✓ it can convert to title case                                                                                                                                                                                                                                        0.05s
  ✓ it can truncate with ellipsis                                                                                                                                                                                                                                       0.05s
  ✓ it does not truncate short names                                                                                                                                                                                                                                    0.06s
  ✓ it can check if contains word                                                                                                                                                                                                                                       0.05s

   PASS  Tests\Unit\Domain\Product\ValueObjects\ProductCategorySlugTest
  ✓ it can be created with valid slug                                                                                                                                                                                                                                   0.11s
  ✓ it validates minimum length                                                                                                                                                                                                                                         0.07s
  ✓ it validates maximum length                                                                                                                                                                                                                                         0.05s
  ✓ it rejects empty slug                                                                                                                                                                                                                                               0.08s
  ✓ it rejects slug with spaces                                                                                                                                                                                                                                         0.07s
  ✓ it rejects slug with uppercase letters                                                                                                                                                                                                                              0.08s
  ✓ it rejects slug with special characters                                                                                                                                                                                                                             0.06s
  ✓ it allows valid slug formats                                                                                                                                                                                                                                        0.05s
  ✓ it rejects slug starting with hyphen                                                                                                                                                                                                                                0.05s
  ✓ it rejects slug ending with hyphen                                                                                                                                                                                                                                  0.06s
  ✓ it rejects slug with consecutive hyphens                                                                                                                                                                                                                            0.05s
  ✓ it can check equality                                                                                                                                                                                                                                               0.04s
  ✓ it can generate from name                                                                                                                                                                                                                                           0.05s
  ✓ it handles unicode characters in generation                                                                                                                                                                                                                         0.06s
  ✓ it removes stopwords when generating from name                                                                                                                                                                                                                      0.05s
  ✓ it can get parent slug from path                                                                                                                                                                                                                                    0.04s
  ✓ it can check if etching related                                                                                                                                                                                                                                     0.05s
  ✓ it can check if material related                                                                                                                                                                                                                                    0.06s
  ✓ it can get slug depth                                                                                                                                                                                                                                               0.08s
  ✓ it can append suffix                                                                                                                                                                                                                                                0.06s
  ✓ it validates suffix format                                                                                                                                                                                                                                          0.05s
  ✓ it can prepend prefix                                                                                                                                                                                                                                               0.07s
  ✓ it validates prefix format                                                                                                                                                                                                                                          0.05s
  ✓ it can check if contains word                                                                                                                                                                                                                                       0.05s
  ✓ it generates unique variation                                                                                                                                                                                                                                       0.04s
  ✓ it returns original if no conflicts                                                                                                                                                                                                                                 0.05s

   PASS  Tests\Unit\Domain\TenantEntityTest
  ✓ it can be created with valid data                                                                                                                                                                                                                                   0.07s
  ✓ it can be activated                                                                                                                                                                                                                                                 0.06s
  ✓ it can be suspended                                                                                                                                                                                                                                                 0.06s
  ✓ it can start trial                                                                                                                                                                                                                                                  0.06s
  ✓ it can end trial                                                                                                                                                                                                                                                    0.08s
  ✓ it can update subscription                                                                                                                                                                                                                                          0.07s
  ✓ it can expire subscription                                                                                                                                                                                                                                          0.05s
  ✓ it can set custom domain                                                                                                                                                                                                                                            0.05s
  ✓ it can remove custom domain                                                                                                                                                                                                                                         0.05s
  ✓ it generates correct public url with custom domain                                                                                                                                                                                                                  0.05s
  ✓ it generates correct public url with slug                                                                                                                                                                                                                           0.05s
  ✓ it generates correct admin url                                                                                                                                                                                                                                      0.05s
  ✓ it can check if subscription is active                                                                                                                                                                                                                              0.04s
  ✓ it validates trial status correctly                                                                                                                                                                                                                                 0.05s
  ✓ it can convert to array                                                                                                                                                                                                                                             0.05s

   PASS  Tests\Unit\Domain\Vendor\Services\VendorClassificationServiceTest
  ✓ classifies vendor as small with low orders                                                                                                                                                                                                                          0.02s
  ✓ classifies vendor as medium with moderate orders
  ✓ classifies vendor as large with high orders
  ✓ classifies vendor as small when total orders is null
  ✓ uses custom thresholds
  ✓ boundary case medium threshold
  ✓ boundary case large threshold
  ✓ just below medium threshold
  ✓ just below large threshold
  ✓ get default thresholds
  ✓ set and get custom thresholds
  ✓ classify multiple vendors
  ✓ get classification stats
  ✓ classification stats with empty vendors
  ✓ edge case zero orders
  ✓ edge case negative orders treated as small
  ✓ edge case very large order count
  ✓ custom threshold overrides only specified values
  ✓ set thresholds persists across multiple calls
  ✓ classify multiple vendors includes threshold info
  ✓ classification stats calculates correct percentages with uneven distribution
  ✓ multiple vendors with same order count

   PASS  Tests\Unit\Domain\Vendor\Services\VendorPerformanceTest
  ✓ vendor sla compliance tracking                                                                                                                                                                                                                                      0.22s
  ✓ quality score calculation                                                                                                                                                                                                                                           0.22s
  ✓ on time delivery metrics                                                                                                                                                                                                                                            0.19s
  ✓ rating updates                                                                                                                                                                                                                                                      0.23s
  ✓ performance ranking                                                                                                                                                                                                                                                 0.34s
  ✓ top performing vendors                                                                                                                                                                                                                                              1.92s
  ✓ underperforming vendors identification                                                                                                                                                                                                                              0.52s
  ✓ vendor trend analysis                                                                                                                                                                                                                                               0.27s
  ✓ vendor comparison                                                                                                                                                                                                                                                   0.39s
  ✓ sla metrics calculation                                                                                                                                                                                                                                             0.18s
  ✓ sla compliance rate                                                                                                                                                                                                                                                 0.20s
  ✓ sla status determination                                                                                                                                                                                                                                            0.22s
  ✓ sla violations identification                                                                                                                                                                                                                                       0.25s
  ✓ vendor evaluation includes all metrics                                                                                                                                                                                                                              0.22s
  ✓ vendor evaluation score range                                                                                                                                                                                                                                       0.25s
  ✓ performance recommendations generation                                                                                                                                                                                                                              0.22s
  ✓ vendor reliability score calculation                                                                                                                                                                                                                                0.22s
  ✓ price competitiveness scoring                                                                                                                                                                                                                                       0.23s
  ✓ response time scoring                                                                                                                                                                                                                                               0.33s
  ✓ empty vendor evaluation                                                                                                                                                                                                                                             0.29s
  ✓ trend summary calculation                                                                                                                                                                                                                                           0.26s
  ✓ tenant scoping in evaluation                                                                                                                                                                                                                                        0.31s

   PASS  Tests\Unit\ExampleTest
  ✓ that true is true                                                                                                                                                                                                                                                   0.03s

   PASS  Tests\Unit\Http\Controllers\Platform\AuthControllerTest
  ✓ it can authenticate platform account with valid credentials                                                                                                                                                                                                         0.24s
  ✓ it rejects invalid credentials                                                                                                                                                                                                                                      0.17s
  ✓ it rejects non existent account                                                                                                                                                                                                                                     0.14s
  ✓ it rejects inactive account                                                                                                                                                                                                                                         0.15s
  ✓ it validates required fields                                                                                                                                                                                                                                        0.17s
  ✓ it validates email format                                                                                                                                                                                                                                           0.13s
  ✓ it enforces rate limiting                                                                                                                                                                                                                                           0.18s
  ✓ it can logout successfully                                                                                                                                                                                                                                          0.16s
  ✓ it can get authenticated user info                                                                                                                                                                                                                                  0.19s
  ✓ it requires authentication for protected endpoints                                                                                                                                                                                                                  0.14s
  ✓ it rejects invalid tokens                                                                                                                                                                                                                                           0.16s
  ✓ it handles suspended account login                                                                                                                                                                                                                                  0.19s
  ✓ it updates last login timestamp on successful authentication                                                                                                                                                                                                        0.21s
  ✓ it includes proper expiration time                                                                                                                                                                                                                                  0.21s
  ✓ it includes bearer token type                                                                                                                                                                                                                                       0.18s

   PASS  Tests\Unit\Http\Controllers\Tenant\AuthControllerTest
  ✓ it can authenticate tenant user with valid credentials                                                                                                                                                                                                              0.29s
  ✓ it rejects invalid credentials                                                                                                                                                                                                                                      0.17s
  ✓ it rejects non existent user                                                                                                                                                                                                                                        0.17s
  ✓ it rejects user from wrong tenant                                                                                                                                                                                                                                   0.15s
  ✓ it rejects inactive tenant                                                                                                                                                                                                                                          0.17s
  ✓ it rejects expired subscription                                                                                                                                                                                                                                     0.15s
  ✓ it rejects inactive user                                                                                                                                                                                                                                            0.20s
  ✓ it validates required fields                                                                                                                                                                                                                                        0.19s
  ✓ it validates tenant context required                                                                                                                                                                                                                                0.16s
  ✓ it validates email format                                                                                                                                                                                                                                           0.16s
  ✓ it enforces rate limiting per tenant                                                                                                                                                                                                                                0.21s
  ✓ it can logout successfully                                                                                                                                                                                                                                          0.18s
  ✓ it can get authenticated user info                                                                                                                                                                                                                                  0.22s
  ✓ it includes user permissions in response                                                                                                                                                                                                                            0.23s
  ✓ it handles suspended user login                                                                                                                                                                                                                                     0.19s
  ✓ it prevents login to trial expired tenant                                                                                                                                                                                                                           0.18s
  ✓ it allows login to active trial tenant                                                                                                                                                                                                                              0.18s
  ✓ it includes tenant context in response                                                                                                                                                                                                                              0.30s

   PASS  Tests\Unit\Http\Middleware\PlatformAccessMiddlewareTest
  ✓ it allows authenticated platform account                                                                                                                                                                                                                            0.15s
  ✓ it rejects unauthenticated requests                                                                                                                                                                                                                                 0.16s
  ✓ it rejects tenant user accessing platform routes                                                                                                                                                                                                                    0.14s
  ✓ it rejects inactive platform account                                                                                                                                                                                                                                0.15s
  ✓ it rejects suspended platform account                                                                                                                                                                                                                               0.19s
  ✓ it allows different platform account types                                                                                                                                                                                                                          0.15s
  ✓ it handles invalid token gracefully                                                                                                                                                                                                                                 0.13s
  ✓ it sets correct guard context                                                                                                                                                                                                                                       0.13s
  ✓ it logs security events                                                                                                                                                                                                                                             0.14s

   PASS  Tests\Unit\Http\Middleware\TenantContextMiddlewareTest
  ✓ it identifies tenant from subdomain                                                                                                                                                                                                                                 0.18s
  ✓ it identifies tenant from custom domain                                                                                                                                                                                                                             0.18s
  ✓ it identifies tenant from path parameter                                                                                                                                                                                                                            0.16s
  ✓ it rejects request for nonexistent tenant                                                                                                                                                                                                                           0.26s
  ✓ it rejects request for inactive tenant                                                                                                                                                                                                                              0.20s
  ✓ it rejects request for expired subscription                                                                                                                                                                                                                         0.33s
  ✓ it allows trial tenant within trial period                                                                                                                                                                                                                          0.41s
  ✓ it rejects expired trial tenant                                                                                                                                                                                                                                     0.19s
  ✓ it enforces tenant scoped authentication                                                                                                                                                                                                                            0.18s
  ✓ it rejects user from different tenant                                                                                                                                                                                                                               0.17s
  ✓ it sets tenant context in application                                                                                                                                                                                                                               0.18s
  ✓ it handles suspended tenant                                                                                                                                                                                                                                         0.16s
  ✓ it prioritizes custom domain over subdomain                                                                                                                                                                                                                         0.15s
  ✓ it handles www prefix in custom domain                                                                                                                                                                                                                              0.21s

   PASS  Tests\Unit\Infrastructure\Product\Models\ProductCategoryModelTest
  ✓ it has correct fillable attributes                                                                                                                                                                                                                                  0.14s
  ✓ it casts attributes correctly                                                                                                                                                                                                                                       0.12s
  ✓ it can create product category with basic attributes                                                                                                                                                                                                                0.12s
  ✓ it auto generates uuid on creation                                                                                                                                                                                                                                  0.11s
  ✓ it updates hierarchy when parent changes                                                                                                                                                                                                                            0.12s
  ✓ it has tenant relationship                                                                                                                                                                                                                                          0.10s
  ✓ it has parent relationship                                                                                                                                                                                                                                          0.11s
  ✓ it has children relationship                                                                                                                                                                                                                                        0.11s
  ✓ it has descendants relationship                                                                                                                                                                                                                                     0.16s
  ✓ it has products relationship                                                                                                                                                                                                                                        0.18s
  ✓ it scopes active categories                                                                                                                                                                                                                                         0.27s
  ✓ it scopes featured categories                                                                                                                                                                                                                                       0.18s
  ✓ it scopes root categories                                                                                                                                                                                                                                           0.16s
  ✓ it scopes categories by level                                                                                                                                                                                                                                       0.16s
  ✓ it scopes categories shown in menu                                                                                                                                                                                                                                  0.17s
  ✓ it scopes ordered categories                                                                                                                                                                                                                                        0.16s
  ✓ it checks if category has children                                                                                                                                                                                                                                  0.17s
  ✓ it checks if category has products                                                                                                                                                                                                                                  0.19s
  ✓ it generates full path                                                                                                                                                                                                                                              0.16s
  ✓ it generates breadcrumb                                                                                                                                                                                                                                             0.17s
  ✓ it stores allowed materials as array                                                                                                                                                                                                                                0.15s
  ✓ it stores quality levels as array                                                                                                                                                                                                                                   0.14s
  ✓ it stores customization options as array                                                                                                                                                                                                                            0.33s
  ✓ it stores seo keywords as array                                                                                                                                                                                                                                     0.39s
  ✓ it casts base markup percentage as decimal                                                                                                                                                                                                                          0.17s
  ✓ it uses soft deletes                                            